::1 - - [29/Jun/2017:17:12:57 +0000] "GET /cpc HTTP/1.1" 404 142 "-" "Mozilla/5.0 (Windows NT 10.0; Win64; x64) AppleWebKit/537.36 (KHTML, like Gecko) Chrome/59.0.3071.115 Safari/537.36"
::1 - - [29/Jun/2017:17:12:57 +0000] "GET /favicon.ico HTTP/1.1" 404 150 "http://localhost:3000/cpc" "Mozilla/5.0 (Windows NT 10.0; Win64; x64) AppleWebKit/537.36 (KHTML, like Gecko) Chrome/59.0.3071.115 Safari/537.36"
::1 - - [29/Jun/2017:17:13:03 +0000] "GET /CPC HTTP/1.1" 404 142 "-" "Mozilla/5.0 (Windows NT 10.0; Win64; x64) AppleWebKit/537.36 (KHTML, like Gecko) Chrome/59.0.3071.115 Safari/537.36"
::1 - - [30/Jun/2017:16:32:56 +0000] "GET /shares HTTP/1.1" 200 8289 "-" "Mozilla/5.0 (Windows NT 10.0; Win64; x64) AppleWebKit/537.36 (KHTML, like Gecko) Chrome/59.0.3071.115 Safari/537.36"
::1 - - [30/Jun/2017:16:32:56 +0000] "GET /favicon.ico HTTP/1.1" 404 150 "http://localhost:3000/shares" "Mozilla/5.0 (Windows NT 10.0; Win64; x64) AppleWebKit/537.36 (KHTML, like Gecko) Chrome/59.0.3071.115 Safari/537.36"
::1 - - [30/Jun/2017:16:33:26 +0000] "GET /shares/Installation%20Guide-CP16.pdf HTTP/1.1" 404 175 "http://localhost:3000/shares" "Mozilla/5.0 (Windows NT 10.0; Win64; x64) AppleWebKit/537.36 (KHTML, like Gecko) Chrome/59.0.3071.115 Safari/537.36"
::1 - - [30/Jun/2017:16:33:35 +0000] "GET /shares/CTB_STMT.pdf HTTP/1.1" 404 158 "http://localhost:3000/shares" "Mozilla/5.0 (Windows NT 10.0; Win64; x64) AppleWebKit/537.36 (KHTML, like Gecko) Chrome/59.0.3071.115 Safari/537.36"
::1 - - [30/Jun/2017:16:34:36 +0000] "GET /shares HTTP/1.1" 200 8289 "-" "Mozilla/5.0 (Windows NT 10.0; Win64; x64) AppleWebKit/537.36 (KHTML, like Gecko) Chrome/59.0.3071.115 Safari/537.36"
::1 - - [30/Jun/2017:16:34:38 +0000] "GET /shares HTTP/1.1" 200 8289 "-" "Mozilla/5.0 (Windows NT 10.0; Win64; x64) AppleWebKit/537.36 (KHTML, like Gecko) Chrome/59.0.3071.115 Safari/537.36"
::1 - - [30/Jun/2017:16:34:39 +0000] "GET /shares/Installation%20Guide-CP16.pdf HTTP/1.1" 404 175 "http://localhost:3000/shares" "Mozilla/5.0 (Windows NT 10.0; Win64; x64) AppleWebKit/537.36 (KHTML, like Gecko) Chrome/59.0.3071.115 Safari/537.36"
::1 - - [30/Jun/2017:16:35:22 +0000] "GET /shares HTTP/1.1" 200 8289 "-" "Mozilla/5.0 (Windows NT 10.0; Win64; x64) AppleWebKit/537.36 (KHTML, like Gecko) Chrome/59.0.3071.115 Safari/537.36"
::1 - - [30/Jun/2017:16:35:24 +0000] "GET /shares/CTB_STMT.pdf HTTP/1.1" 404 158 "http://localhost:3000/shares" "Mozilla/5.0 (Windows NT 10.0; Win64; x64) AppleWebKit/537.36 (KHTML, like Gecko) Chrome/59.0.3071.115 Safari/537.36"
::1 - - [30/Jun/2017:16:38:08 +0000] "GET /shares HTTP/1.1" 200 8289 "-" "Mozilla/5.0 (Windows NT 10.0; Win64; x64) AppleWebKit/537.36 (KHTML, like Gecko) Chrome/59.0.3071.115 Safari/537.36"
::1 - - [30/Jun/2017:16:38:15 +0000] "GET /shares/CTB_STMT.pdf HTTP/1.1" 404 158 "http://localhost:3000/shares" "Mozilla/5.0 (Windows NT 10.0; Win64; x64) AppleWebKit/537.36 (KHTML, like Gecko) Chrome/59.0.3071.115 Safari/537.36"
::1 - - [30/Jun/2017:16:39:59 +0000] "GET /shares HTTP/1.1" 404 145 "-" "Mozilla/5.0 (Windows NT 10.0; Win64; x64) AppleWebKit/537.36 (KHTML, like Gecko) Chrome/59.0.3071.115 Safari/537.36"
::1 - - [30/Jun/2017:16:41:07 +0000] "GET /shares HTTP/1.1" 301 171 "-" "Mozilla/5.0 (Windows NT 10.0; Win64; x64) AppleWebKit/537.36 (KHTML, like Gecko) Chrome/59.0.3071.115 Safari/537.36"
::1 - - [30/Jun/2017:16:41:07 +0000] "GET /shares/ HTTP/1.1" 404 146 "-" "Mozilla/5.0 (Windows NT 10.0; Win64; x64) AppleWebKit/537.36 (KHTML, like Gecko) Chrome/59.0.3071.115 Safari/537.36"
::1 - - [30/Jun/2017:16:41:52 +0000] "GET /shares/ HTTP/1.1" 404 146 "-" "Mozilla/5.0 (Windows NT 10.0; Win64; x64) AppleWebKit/537.36 (KHTML, like Gecko) Chrome/59.0.3071.115 Safari/537.36"
::1 - - [30/Jun/2017:16:41:56 +0000] "GET /shares/ HTTP/1.1" 404 146 "-" "Mozilla/5.0 (Windows NT 10.0; Win64; x64) AppleWebKit/537.36 (KHTML, like Gecko) Chrome/59.0.3071.115 Safari/537.36"
::1 - - [30/Jun/2017:16:42:31 +0000] "GET /shares/ HTTP/1.1" 404 146 "-" "Mozilla/5.0 (Windows NT 10.0; Win64; x64) AppleWebKit/537.36 (KHTML, like Gecko) Chrome/59.0.3071.115 Safari/537.36"
::1 - - [30/Jun/2017:16:42:47 +0000] "GET /shares/ HTTP/1.1" 200 8293 "-" "Mozilla/5.0 (Windows NT 10.0; Win64; x64) AppleWebKit/537.36 (KHTML, like Gecko) Chrome/59.0.3071.115 Safari/537.36"
::1 - - [30/Jun/2017:16:42:49 +0000] "GET /shares/Installation%20Guide-CP16.pdf HTTP/1.1" 404 175 "http://localhost:3000/shares/" "Mozilla/5.0 (Windows NT 10.0; Win64; x64) AppleWebKit/537.36 (KHTML, like Gecko) Chrome/59.0.3071.115 Safari/537.36"
::1 - - [30/Jun/2017:16:43:25 +0000] "GET /shares/ HTTP/1.1" 404 146 "-" "Mozilla/5.0 (Windows NT 10.0; Win64; x64) AppleWebKit/537.36 (KHTML, like Gecko) Chrome/59.0.3071.115 Safari/537.36"
::1 - - [30/Jun/2017:16:43:27 +0000] "GET /shares/ HTTP/1.1" 404 146 "-" "Mozilla/5.0 (Windows NT 10.0; Win64; x64) AppleWebKit/537.36 (KHTML, like Gecko) Chrome/59.0.3071.115 Safari/537.36"
::1 - - [30/Jun/2017:16:43:45 +0000] "GET /shares/ HTTP/1.1" 200 8293 "-" "Mozilla/5.0 (Windows NT 10.0; Win64; x64) AppleWebKit/537.36 (KHTML, like Gecko) Chrome/59.0.3071.115 Safari/537.36"
::1 - - [30/Jun/2017:16:43:50 +0000] "GET /shares/CTB_STMT.pdf HTTP/1.1" 404 158 "http://localhost:3000/shares/" "Mozilla/5.0 (Windows NT 10.0; Win64; x64) AppleWebKit/537.36 (KHTML, like Gecko) Chrome/59.0.3071.115 Safari/537.36"
::1 - - [30/Jun/2017:16:47:46 +0000] "GET /shares/ HTTP/1.1" 200 8293 "-" "Mozilla/5.0 (Windows NT 10.0; Win64; x64) AppleWebKit/537.36 (KHTML, like Gecko) Chrome/59.0.3071.115 Safari/537.36"
::1 - - [30/Jun/2017:16:47:48 +0000] "GET /shares/CTB_STMT.pdf HTTP/1.1" 404 158 "http://localhost:3000/shares/" "Mozilla/5.0 (Windows NT 10.0; Win64; x64) AppleWebKit/537.36 (KHTML, like Gecko) Chrome/59.0.3071.115 Safari/537.36"
::1 - - [30/Jun/2017:16:49:24 +0000] "GET /shares/ HTTP/1.1" 200 8293 "-" "Mozilla/5.0 (Windows NT 10.0; Win64; x64) AppleWebKit/537.36 (KHTML, like Gecko) Chrome/59.0.3071.115 Safari/537.36"
::1 - - [30/Jun/2017:16:49:26 +0000] "GET /shares/CTB_STMT.pdf HTTP/1.1" 200 116019 "http://localhost:3000/shares/" "Mozilla/5.0 (Windows NT 10.0; Win64; x64) AppleWebKit/537.36 (KHTML, like Gecko) Chrome/59.0.3071.115 Safari/537.36"
::1 - - [30/Jun/2017:16:50:17 +0000] "GET /shares/CTB_STMT.pdf HTTP/1.1" 304 - "http://localhost:3000/shares/" "Mozilla/5.0 (Windows NT 10.0; Win64; x64) AppleWebKit/537.36 (KHTML, like Gecko) Chrome/59.0.3071.115 Safari/537.36"
::ffff:64.106.188.236 - - [30/Jun/2017:17:24:20 +0000] "GET / HTTP/1.1" 200 - "-" "Mozilla/5.0 (Windows NT 10.0; Win64; x64) AppleWebKit/537.36 (KHTML, like Gecko) Chrome/59.0.3071.115 Safari/537.36"
::ffff:64.106.188.236 - - [30/Jun/2017:17:24:21 +0000] "GET /favicon.ico HTTP/1.1" 404 150 "http://transient.aa.org:3000/" "Mozilla/5.0 (Windows NT 10.0; Win64; x64) AppleWebKit/537.36 (KHTML, like Gecko) Chrome/59.0.3071.115 Safari/537.36"
::ffff:64.106.188.236 - - [30/Jun/2017:17:24:27 +0000] "GET /shares HTTP/1.1" 200 8040 "-" "Mozilla/5.0 (Windows NT 10.0; Win64; x64) AppleWebKit/537.36 (KHTML, like Gecko) Chrome/59.0.3071.115 Safari/537.36"
::ffff:64.106.188.236 - - [30/Jun/2017:17:24:29 +0000] "GET /shares/GroupServices HTTP/1.1" 200 8614 "http://transient.aa.org:3000/shares" "Mozilla/5.0 (Windows NT 10.0; Win64; x64) AppleWebKit/537.36 (KHTML, like Gecko) Chrome/59.0.3071.115 Safari/537.36"
::ffff:64.106.188.236 - - [30/Jun/2017:17:24:31 +0000] "GET /shares/GroupServices/en HTTP/1.1" 200 10994 "http://transient.aa.org:3000/shares/GroupServices" "Mozilla/5.0 (Windows NT 10.0; Win64; x64) AppleWebKit/537.36 (KHTML, like Gecko) Chrome/59.0.3071.115 Safari/537.36"
::ffff:64.106.188.236 - - [30/Jun/2017:17:24:33 +0000] "GET /shares/GroupServices HTTP/1.1" 200 8614 "http://transient.aa.org:3000/shares/GroupServices/en" "Mozilla/5.0 (Windows NT 10.0; Win64; x64) AppleWebKit/537.36 (KHTML, like Gecko) Chrome/59.0.3071.115 Safari/537.36"
::ffff:64.106.188.236 - - [30/Jun/2017:17:24:34 +0000] "GET /shares/GroupServices/es HTTP/1.1" 200 11004 "http://transient.aa.org:3000/shares/GroupServices" "Mozilla/5.0 (Windows NT 10.0; Win64; x64) AppleWebKit/537.36 (KHTML, like Gecko) Chrome/59.0.3071.115 Safari/537.36"
::ffff:64.106.188.236 - - [30/Jun/2017:17:24:36 +0000] "GET /shares/GroupServices HTTP/1.1" 200 8614 "http://transient.aa.org:3000/shares/GroupServices/es" "Mozilla/5.0 (Windows NT 10.0; Win64; x64) AppleWebKit/537.36 (KHTML, like Gecko) Chrome/59.0.3071.115 Safari/537.36"
::ffff:64.106.188.236 - - [30/Jun/2017:17:24:37 +0000] "GET /shares/GroupServices/fr HTTP/1.1" 200 10991 "http://transient.aa.org:3000/shares/GroupServices" "Mozilla/5.0 (Windows NT 10.0; Win64; x64) AppleWebKit/537.36 (KHTML, like Gecko) Chrome/59.0.3071.115 Safari/537.36"
::ffff:64.106.188.236 - - [30/Jun/2017:17:24:37 +0000] "GET /shares/GroupServices/fr/Telephone%20Meetings%20-%20SM%20F-204.pdf HTTP/1.1" 200 18681 "http://transient.aa.org:3000/shares/GroupServices/fr" "Mozilla/5.0 (Windows NT 10.0; Win64; x64) AppleWebKit/537.36 (KHTML, like Gecko) Chrome/59.0.3071.115 Safari/537.36"
::ffff:64.106.188.236 - - [30/Jun/2017:17:32:24 +0000] "GET /shares/GroupServices HTTP/1.1" 200 8614 "http://transient.aa.org:3000/shares/GroupServices/fr" "Mozilla/5.0 (Windows NT 10.0; Win64; x64) AppleWebKit/537.36 (KHTML, like Gecko) Chrome/59.0.3071.115 Safari/537.36"
::ffff:64.106.188.236 - - [30/Jun/2017:17:32:25 +0000] "GET /shares/GroupServices/en HTTP/1.1" 200 10994 "http://transient.aa.org:3000/shares/GroupServices" "Mozilla/5.0 (Windows NT 10.0; Win64; x64) AppleWebKit/537.36 (KHTML, like Gecko) Chrome/59.0.3071.115 Safari/537.36"
::ffff:64.106.188.236 - - [30/Jun/2017:17:32:42 +0000] "GET /shares/GroupServices HTTP/1.1" 200 8614 "http://transient.aa.org:3000/shares/GroupServices/en" "Mozilla/5.0 (Windows NT 10.0; Win64; x64) AppleWebKit/537.36 (KHTML, like Gecko) Chrome/59.0.3071.115 Safari/537.36"
::ffff:64.106.188.236 - - [30/Jun/2017:17:32:43 +0000] "GET /shares/GroupServices/es HTTP/1.1" 200 11004 "http://transient.aa.org:3000/shares/GroupServices" "Mozilla/5.0 (Windows NT 10.0; Win64; x64) AppleWebKit/537.36 (KHTML, like Gecko) Chrome/59.0.3071.115 Safari/537.36"
::ffff:64.106.188.236 - - [30/Jun/2017:17:33:11 +0000] "GET /shares/GroupServices/en HTTP/1.1" 200 10994 "-" "Mozilla/5.0 (Windows NT 10.0; Win64; x64) AppleWebKit/537.36 (KHTML, like Gecko) Chrome/59.0.3071.115 Safari/537.36"
::ffff:64.106.188.236 - - [30/Jun/2017:17:59:43 +0000] "GET /shares/GroupServices/es HTTP/1.1" 200 11004 "-" "Mozilla/5.0 (Windows NT 6.1; WOW64; Trident/7.0; rv:11.0) like Gecko"
::ffff:64.106.188.236 - - [30/Jun/2017:17:59:43 +0000] "GET /favicon.ico HTTP/1.1" 404 150 "-" "Mozilla/5.0 (Windows NT 6.1; Win64; x64; Trident/7.0; rv:11.0) like Gecko"
::ffff:64.106.188.236 - - [30/Jun/2017:17:59:52 +0000] "GET /shares/GroupServices/en HTTP/1.1" 200 10994 "-" "Mozilla/5.0 (Windows NT 6.1; WOW64; Trident/7.0; rv:11.0) like Gecko"
::ffff:64.106.188.236 - - [30/Jun/2017:17:59:52 +0000] "GET /favicon.ico HTTP/1.1" 404 150 "-" "Mozilla/5.0 (Windows NT 6.1; Win64; x64; Trident/7.0; rv:11.0) like Gecko"
::ffff:64.106.188.236 - - [30/Jun/2017:17:59:56 +0000] "GET /shares/GroupServices HTTP/1.1" 200 8614 "http://transient.aa.org:3000/shares/GroupServices/en" "Mozilla/5.0 (Windows NT 6.1; WOW64; Trident/7.0; rv:11.0) like Gecko"
::ffff:64.106.188.236 - - [30/Jun/2017:17:59:59 +0000] "GET /shares HTTP/1.1" 200 8040 "http://transient.aa.org:3000/shares/GroupServices" "Mozilla/5.0 (Windows NT 6.1; WOW64; Trident/7.0; rv:11.0) like Gecko"
::ffff:64.106.188.236 - - [30/Jun/2017:18:00:01 +0000] "GET /shares/GroupServices HTTP/1.1" 200 8614 "http://transient.aa.org:3000/shares" "Mozilla/5.0 (Windows NT 6.1; WOW64; Trident/7.0; rv:11.0) like Gecko"
::ffff:64.106.188.236 - - [30/Jun/2017:18:00:03 +0000] "GET /shares/GroupServices/fr HTTP/1.1" 200 10991 "http://transient.aa.org:3000/shares/GroupServices" "Mozilla/5.0 (Windows NT 6.1; WOW64; Trident/7.0; rv:11.0) like Gecko"
::ffff:64.106.188.236 - - [30/Jun/2017:18:00:04 +0000] "GET /shares/GroupServices HTTP/1.1" 200 8614 "http://transient.aa.org:3000/shares/GroupServices/fr" "Mozilla/5.0 (Windows NT 6.1; WOW64; Trident/7.0; rv:11.0) like Gecko"
::ffff:64.106.188.236 - - [30/Jun/2017:18:00:05 +0000] "GET /shares/GroupServices/en HTTP/1.1" 200 10994 "http://transient.aa.org:3000/shares/GroupServices" "Mozilla/5.0 (Windows NT 6.1; WOW64; Trident/7.0; rv:11.0) like Gecko"
::ffff:64.106.188.236 - - [30/Jun/2017:18:00:48 +0000] "GET /shares/GroupServices/es HTTP/1.1" 200 11004 "-" "Mozilla/5.0 (Windows NT 6.1; WOW64; Trident/7.0; rv:11.0) like Gecko"
::ffff:64.106.188.236 - - [30/Jun/2017:18:00:59 +0000] "GET /shares/GroupServices/fr HTTP/1.1" 200 10991 "-" "Mozilla/5.0 (Windows NT 6.1; WOW64; Trident/7.0; rv:11.0) like Gecko"
::ffff:64.106.188.236 - - [30/Jun/2017:18:01:35 +0000] "GET /shares/GroupServices/en HTTP/1.1" 200 10994 "-" "Mozilla/5.0 (Windows NT 6.1; WOW64; Trident/7.0; rv:11.0) like Gecko"
::ffff:64.106.188.236 - - [30/Jun/2017:18:01:39 +0000] "GET /shares/GroupServices/es HTTP/1.1" 200 11004 "-" "Mozilla/5.0 (Windows NT 6.1; WOW64; Trident/7.0; rv:11.0) like Gecko"
::ffff:74.178.185.223 - - [30/Jun/2017:18:11:15 +0000] "GET /shares/GroupServices/en HTTP/1.1" 200 10994 "-" "Mozilla/5.0 (Windows NT 10.0; Win64; x64) AppleWebKit/537.36 (KHTML, like Gecko) Chrome/52.0.2743.116 Safari/537.36 Edge/15.15063"
::ffff:74.178.185.223 - - [30/Jun/2017:18:11:15 +0000] "GET /favicon.ico HTTP/1.1" 404 150 "-" "Mozilla/5.0 (Windows NT 10.0; Win64; x64) AppleWebKit/537.36 (KHTML, like Gecko) Chrome/52.0.2743.116 Safari/537.36 Edge/15.15063"
::ffff:74.178.185.223 - - [30/Jun/2017:18:11:22 +0000] "GET /shares/GroupServices/en/Activity%20Update%20June%202017%20-%20English.pdf HTTP/1.1" 200 30569 "http://transient.aa.org:3000/shares/GroupServices/en" "Mozilla/5.0 (Windows NT 10.0; Win64; x64) AppleWebKit/537.36 (KHTML, like Gecko) Chrome/52.0.2743.116 Safari/537.36 Edge/15.15063"
::ffff:74.178.185.223 - - [30/Jun/2017:18:11:23 +0000] "GET /favicon.ico HTTP/1.1" 404 150 "-" "Mozilla/5.0 (Windows NT 10.0; Win64; x64) AppleWebKit/537.36 (KHTML, like Gecko) Chrome/52.0.2743.116 Safari/537.36 Edge/15.15063"
::ffff:74.178.185.223 - - [30/Jun/2017:18:11:24 +0000] "GET /shares/GroupServices/en/Activity%20Update%20June%202017%20-%20English.pdf HTTP/1.1" 206 30569 "http://transient.aa.org:3000/shares/GroupServices/en/Activity%20Update%20June%202017%20-%20English.pdf" "Mozilla/5.0 (Windows NT 10.0; Win64; x64) AppleWebKit/537.36 (KHTML, like Gecko) Chrome/52.0.2743.116 Safari/537.36 Edge/15.15063"
::ffff:74.178.185.223 - - [30/Jun/2017:18:11:24 +0000] "GET /shares/GroupServices/en/Activity%20Update%20June%202017%20-%20English.pdf HTTP/1.1" 206 30569 "http://transient.aa.org:3000/shares/GroupServices/en/Activity%20Update%20June%202017%20-%20English.pdf" "Mozilla/5.0 (Windows NT 10.0; Win64; x64) AppleWebKit/537.36 (KHTML, like Gecko) Chrome/52.0.2743.116 Safari/537.36 Edge/15.15063"
::ffff:74.178.185.223 - - [30/Jun/2017:18:11:25 +0000] "GET /shares/GroupServices/en/Activity%20Update%20June%202017%20-%20English.pdf HTTP/1.1" 206 1897 "http://transient.aa.org:3000/shares/GroupServices/en/Activity%20Update%20June%202017%20-%20English.pdf" "Mozilla/5.0 (Windows NT 10.0; Win64; x64) AppleWebKit/537.36 (KHTML, like Gecko) Chrome/52.0.2743.116 Safari/537.36 Edge/15.15063"
::ffff:65.30.45.232 - - [30/Jun/2017:18:11:47 +0000] "GET /shares/GroupServices/en HTTP/1.1" 200 10994 "-" "Mozilla/5.0 (Windows NT 5.1; rv:52.0) Gecko/20100101 Firefox/52.0"
::ffff:65.30.45.232 - - [30/Jun/2017:18:11:47 +0000] "GET /favicon.ico HTTP/1.1" 404 150 "-" "Mozilla/5.0 (Windows NT 5.1; rv:52.0) Gecko/20100101 Firefox/52.0"
::ffff:65.30.45.232 - - [30/Jun/2017:18:11:47 +0000] "GET /favicon.ico HTTP/1.1" 404 150 "-" "Mozilla/5.0 (Windows NT 5.1; rv:52.0) Gecko/20100101 Firefox/52.0"
::ffff:65.30.45.232 - - [30/Jun/2017:18:12:00 +0000] "GET /shares/GroupServices/en/Telephone%20Meetings%20-%20SM%20F-204.pdf HTTP/1.1" 200 18681 "http://transient.aa.org:3000/shares/GroupServices/en" "Mozilla/5.0 (Windows NT 5.1; rv:52.0) Gecko/20100101 Firefox/52.0"
::ffff:184.23.26.85 - - [30/Jun/2017:18:12:09 +0000] "GET /shares/GroupServices/en HTTP/1.1" 200 10994 "-" "Mozilla/5.0 (Windows NT 10.0; Win64; x64) AppleWebKit/537.36 (KHTML, like Gecko) Chrome/51.0.2704.79 Safari/537.36 Edge/14.14393"
::ffff:184.23.26.85 - - [30/Jun/2017:18:12:09 +0000] "GET /favicon.ico HTTP/1.1" 404 150 "-" "Mozilla/5.0 (Windows NT 10.0; Win64; x64) AppleWebKit/537.36 (KHTML, like Gecko) Chrome/51.0.2704.79 Safari/537.36 Edge/14.14393"
::ffff:184.23.26.85 - - [30/Jun/2017:18:12:19 +0000] "GET /shares/GroupServices/en/Activity%20Update%20June%202017%20-%20English.pdf HTTP/1.1" 200 30569 "http://transient.aa.org:3000/shares/GroupServices/en" "Mozilla/5.0 (Windows NT 10.0; Win64; x64) AppleWebKit/537.36 (KHTML, like Gecko) Chrome/51.0.2704.79 Safari/537.36 Edge/14.14393"
::ffff:184.23.26.85 - - [30/Jun/2017:18:12:19 +0000] "GET /favicon.ico HTTP/1.1" 404 150 "-" "Mozilla/5.0 (Windows NT 10.0; Win64; x64) AppleWebKit/537.36 (KHTML, like Gecko) Chrome/51.0.2704.79 Safari/537.36 Edge/14.14393"
::ffff:184.23.26.85 - - [30/Jun/2017:18:12:20 +0000] "GET /shares/GroupServices/en/Activity%20Update%20June%202017%20-%20English.pdf HTTP/1.1" 206 18149 "http://transient.aa.org:3000/shares/GroupServices/en/Activity%20Update%20June%202017%20-%20English.pdf" "Mozilla/5.0 (Windows NT 10.0; Win64; x64) AppleWebKit/537.36 (KHTML, like Gecko) Chrome/51.0.2704.79 Safari/537.36 Edge/14.14393"
::ffff:184.23.26.85 - - [30/Jun/2017:18:12:20 +0000] "GET /shares/GroupServices/en/Activity%20Update%20June%202017%20-%20English.pdf HTTP/1.1" 304 - "http://transient.aa.org:3000/shares/GroupServices/en/Activity%20Update%20June%202017%20-%20English.pdf" "Mozilla/5.0 (Windows NT 10.0; Win64; x64) AppleWebKit/537.36 (KHTML, like Gecko) Chrome/51.0.2704.79 Safari/537.36 Edge/14.14393"
::ffff:12.36.180.50 - - [30/Jun/2017:18:12:35 +0000] "GET /shares/GroupServices/en HTTP/1.1" 200 10994 "-" "Mozilla/5.0 (Windows NT 6.1; Win64; x64) AppleWebKit/537.36 (KHTML, like Gecko) Chrome/59.0.3071.115 Safari/537.36"
::ffff:12.36.180.50 - - [30/Jun/2017:18:12:35 +0000] "GET /favicon.ico HTTP/1.1" 404 150 "http://transient.aa.org:3000/shares/GroupServices/en" "Mozilla/5.0 (Windows NT 6.1; Win64; x64) AppleWebKit/537.36 (KHTML, like Gecko) Chrome/59.0.3071.115 Safari/537.36"
::ffff:24.217.125.107 - - [30/Jun/2017:18:12:42 +0000] "GET /shares/GroupServices/en HTTP/1.1" 200 10994 "-" "Mozilla/5.0 (Windows NT 6.1; Win64; x64) AppleWebKit/537.36 (KHTML, like Gecko) Chrome/59.0.3071.115 Safari/537.36"
::ffff:24.217.125.107 - - [30/Jun/2017:18:12:42 +0000] "GET /favicon.ico HTTP/1.1" 404 150 "http://transient.aa.org:3000/shares/GroupServices/en" "Mozilla/5.0 (Windows NT 6.1; Win64; x64) AppleWebKit/537.36 (KHTML, like Gecko) Chrome/59.0.3071.115 Safari/537.36"
::ffff:12.36.180.50 - - [30/Jun/2017:18:12:46 +0000] "GET /shares/GroupServices/en/Activity%20Update%20June%202017%20-%20English.pdf HTTP/1.1" 200 30569 "http://transient.aa.org:3000/shares/GroupServices/en" "Mozilla/5.0 (Windows NT 6.1; Win64; x64) AppleWebKit/537.36 (KHTML, like Gecko) Chrome/59.0.3071.115 Safari/537.36"
::ffff:24.217.125.107 - - [30/Jun/2017:18:13:01 +0000] "GET /shares/GroupServices/en/Telephone%20Meetings%20-%20SM%20F-204.pdf HTTP/1.1" 200 18681 "http://transient.aa.org:3000/shares/GroupServices/en" "Mozilla/5.0 (Windows NT 6.1; Win64; x64) AppleWebKit/537.36 (KHTML, like Gecko) Chrome/59.0.3071.115 Safari/537.36"
::ffff:24.217.125.107 - - [30/Jun/2017:18:13:21 +0000] "GET /shares/GroupServices/en HTTP/1.1" 200 10994 "-" "Mozilla/5.0 (Windows NT 6.1; Win64; x64) AppleWebKit/537.36 (KHTML, like Gecko) Chrome/59.0.3071.115 Safari/537.36"
::ffff:24.217.125.107 - - [30/Jun/2017:18:13:22 +0000] "GET /shares/GroupServices/en HTTP/1.1" 200 10994 "-" "Mozilla/5.0 (Windows NT 6.1; Win64; x64) AppleWebKit/537.36 (KHTML, like Gecko) Chrome/59.0.3071.115 Safari/537.36"
::ffff:24.217.125.107 - - [30/Jun/2017:18:13:27 +0000] "GET /shares/GroupServices/en/Online%20Meetings-Online%20Groups%20-%20SM%20F-124.pdf HTTP/1.1" 200 20776 "http://transient.aa.org:3000/shares/GroupServices/en" "Mozilla/5.0 (Windows NT 6.1; Win64; x64) AppleWebKit/537.36 (KHTML, like Gecko) Chrome/59.0.3071.115 Safari/537.36"
::ffff:12.36.180.50 - - [30/Jun/2017:18:13:36 +0000] "GET /shares/GroupServices/en/Staff%20Assignment%20April%202017%20-%20F-15.pdf HTTP/1.1" 200 231507 "http://transient.aa.org:3000/shares/GroupServices/en" "Mozilla/5.0 (Windows NT 6.1; Win64; x64) AppleWebKit/537.36 (KHTML, like Gecko) Chrome/59.0.3071.115 Safari/537.36"
::ffff:24.217.125.107 - - [30/Jun/2017:18:14:06 +0000] "GET /shares/GroupServices/en/Staff%20Assignment%20April%202017%20-%20F-15.pdf HTTP/1.1" 200 231507 "http://transient.aa.org:3000/shares/GroupServices/en" "Mozilla/5.0 (Windows NT 6.1; Win64; x64) AppleWebKit/537.36 (KHTML, like Gecko) Chrome/59.0.3071.115 Safari/537.36"
::ffff:24.217.125.107 - - [30/Jun/2017:18:14:07 +0000] "GET /shares/GroupServices/en/Staff%20Assignment%20April%202017%20-%20F-15.pdf HTTP/1.1" 206 43642 "http://transient.aa.org:3000/shares/GroupServices/en/Staff%20Assignment%20April%202017%20-%20F-15.pdf" "Mozilla/5.0 (Windows NT 6.1; Win64; x64) AppleWebKit/537.36 (KHTML, like Gecko) Chrome/59.0.3071.115 Safari/537.36"
::ffff:24.217.125.107 - - [30/Jun/2017:18:15:15 +0000] "GET /shares/GroupServices/en/Activity%20Update%20June%202017%20-%20English.pdf HTTP/1.1" 200 30569 "http://transient.aa.org:3000/shares/GroupServices/en" "Mozilla/5.0 (Windows NT 6.1; Win64; x64) AppleWebKit/537.36 (KHTML, like Gecko) Chrome/59.0.3071.115 Safari/537.36"
::ffff:64.106.188.236 - - [30/Jun/2017:18:15:32 +0000] "GET /shares HTTP/1.1" 200 8040 "-" "Mozilla/5.0 (Windows NT 10.0; Win64; x64) AppleWebKit/537.36 (KHTML, like Gecko) Chrome/59.0.3071.115 Safari/537.36"
::ffff:184.23.26.85 - - [30/Jun/2017:18:15:41 +0000] "GET /shares/GroupServices/en/Activity%20Update%20June%202017%20-%20English.pdf HTTP/1.1" 304 - "http://transient.aa.org:3000/shares/GroupServices/en/Activity%20Update%20June%202017%20-%20English.pdf" "Mozilla/5.0 (Windows NT 10.0; Win64; x64) AppleWebKit/537.36 (KHTML, like Gecko) Chrome/51.0.2704.79 Safari/537.36 Edge/14.14393"
::ffff:12.36.180.50 - - [30/Jun/2017:18:15:49 +0000] "GET /shares/GroupServices/en HTTP/1.1" 200 10994 "-" "Mozilla/5.0 (Windows NT 6.1; Win64; x64) AppleWebKit/537.36 (KHTML, like Gecko) Chrome/59.0.3071.115 Safari/537.36"
::ffff:12.36.180.50 - - [30/Jun/2017:18:15:56 +0000] "GET /shares/GroupServices/en/Telephone%20Meetings%20-%20SM%20F-204.pdf HTTP/1.1" 200 18681 "http://transient.aa.org:3000/shares/GroupServices/en" "Mozilla/5.0 (Windows NT 6.1; Win64; x64) AppleWebKit/537.36 (KHTML, like Gecko) Chrome/59.0.3071.115 Safari/537.36"
::ffff:74.178.185.223 - - [30/Jun/2017:18:16:10 +0000] "GET /shares/GroupServices/en HTTP/1.1" 200 10994 "-" "Mozilla/5.0 (Windows NT 10.0; Win64; x64) AppleWebKit/537.36 (KHTML, like Gecko) Chrome/52.0.2743.116 Safari/537.36 Edge/15.15063"
::ffff:64.106.188.236 - - [30/Jun/2017:18:16:17 +0000] "GET /shares HTTP/1.1" 200 8040 "-" "Mozilla/5.0 (iPhone; CPU iPhone OS 10_3_2 like Mac OS X) AppleWebKit/603.2.4 (KHTML, like Gecko) Version/10.0 Mobile/14F89 Safari/602.1"
::ffff:74.178.185.223 - - [30/Jun/2017:18:16:18 +0000] "GET /shares/GroupServices/en/Staff%20Assignment%20April%202017%20-%20F-15.pdf HTTP/1.1" 200 231507 "http://transient.aa.org:3000/shares/GroupServices/en" "Mozilla/5.0 (Windows NT 10.0; Win64; x64) AppleWebKit/537.36 (KHTML, like Gecko) Chrome/52.0.2743.116 Safari/537.36 Edge/15.15063"
::ffff:64.106.188.236 - - [30/Jun/2017:18:16:18 +0000] "GET /shares/GroupServices HTTP/1.1" 200 8614 "http://transient.aa.org:3000/shares" "Mozilla/5.0 (iPhone; CPU iPhone OS 10_3_2 like Mac OS X) AppleWebKit/603.2.4 (KHTML, like Gecko) Version/10.0 Mobile/14F89 Safari/602.1"
::ffff:74.178.185.223 - - [30/Jun/2017:18:16:19 +0000] "GET /shares/GroupServices/en/Staff%20Assignment%20April%202017%20-%20F-15.pdf HTTP/1.1" 206 231507 "http://transient.aa.org:3000/shares/GroupServices/en/Staff%20Assignment%20April%202017%20-%20F-15.pdf" "Mozilla/5.0 (Windows NT 10.0; Win64; x64) AppleWebKit/537.36 (KHTML, like Gecko) Chrome/52.0.2743.116 Safari/537.36 Edge/15.15063"
::ffff:74.178.185.223 - - [30/Jun/2017:18:16:19 +0000] "GET /shares/GroupServices/en/Staff%20Assignment%20April%202017%20-%20F-15.pdf HTTP/1.1" 206 6227 "http://transient.aa.org:3000/shares/GroupServices/en/Staff%20Assignment%20April%202017%20-%20F-15.pdf" "Mozilla/5.0 (Windows NT 10.0; Win64; x64) AppleWebKit/537.36 (KHTML, like Gecko) Chrome/52.0.2743.116 Safari/537.36 Edge/15.15063"
::ffff:74.178.185.223 - - [30/Jun/2017:18:16:19 +0000] "GET /shares/GroupServices/en/Staff%20Assignment%20April%202017%20-%20F-15.pdf HTTP/1.1" 206 24576 "http://transient.aa.org:3000/shares/GroupServices/en/Staff%20Assignment%20April%202017%20-%20F-15.pdf" "Mozilla/5.0 (Windows NT 10.0; Win64; x64) AppleWebKit/537.36 (KHTML, like Gecko) Chrome/52.0.2743.116 Safari/537.36 Edge/15.15063"
::ffff:74.178.185.223 - - [30/Jun/2017:18:16:19 +0000] "GET /shares/GroupServices/en/Staff%20Assignment%20April%202017%20-%20F-15.pdf HTTP/1.1" 206 159744 "http://transient.aa.org:3000/shares/GroupServices/en/Staff%20Assignment%20April%202017%20-%20F-15.pdf" "Mozilla/5.0 (Windows NT 10.0; Win64; x64) AppleWebKit/537.36 (KHTML, like Gecko) Chrome/52.0.2743.116 Safari/537.36 Edge/15.15063"
::ffff:74.178.185.223 - - [30/Jun/2017:18:16:20 +0000] "GET /shares/GroupServices/en/Staff%20Assignment%20April%202017%20-%20F-15.pdf HTTP/1.1" 206 135168 "http://transient.aa.org:3000/shares/GroupServices/en/Staff%20Assignment%20April%202017%20-%20F-15.pdf" "Mozilla/5.0 (Windows NT 10.0; Win64; x64) AppleWebKit/537.36 (KHTML, like Gecko) Chrome/52.0.2743.116 Safari/537.36 Edge/15.15063"
::ffff:74.178.185.223 - - [30/Jun/2017:18:16:20 +0000] "GET /shares/GroupServices/en/Staff%20Assignment%20April%202017%20-%20F-15.pdf HTTP/1.1" 206 8192 "http://transient.aa.org:3000/shares/GroupServices/en/Staff%20Assignment%20April%202017%20-%20F-15.pdf" "Mozilla/5.0 (Windows NT 10.0; Win64; x64) AppleWebKit/537.36 (KHTML, like Gecko) Chrome/52.0.2743.116 Safari/537.36 Edge/15.15063"
::ffff:64.106.188.236 - - [30/Jun/2017:18:16:20 +0000] "GET /shares/GroupServices/en HTTP/1.1" 200 10994 "http://transient.aa.org:3000/shares/GroupServices" "Mozilla/5.0 (iPhone; CPU iPhone OS 10_3_2 like Mac OS X) AppleWebKit/603.2.4 (KHTML, like Gecko) Version/10.0 Mobile/14F89 Safari/602.1"
::ffff:74.178.185.223 - - [30/Jun/2017:18:16:20 +0000] "GET /shares/GroupServices/en/Staff%20Assignment%20April%202017%20-%20F-15.pdf HTTP/1.1" 206 49152 "http://transient.aa.org:3000/shares/GroupServices/en/Staff%20Assignment%20April%202017%20-%20F-15.pdf" "Mozilla/5.0 (Windows NT 10.0; Win64; x64) AppleWebKit/537.36 (KHTML, like Gecko) Chrome/52.0.2743.116 Safari/537.36 Edge/15.15063"
::ffff:74.178.185.223 - - [30/Jun/2017:18:16:20 +0000] "GET /shares/GroupServices/en/Staff%20Assignment%20April%202017%20-%20F-15.pdf HTTP/1.1" 206 12288 "http://transient.aa.org:3000/shares/GroupServices/en/Staff%20Assignment%20April%202017%20-%20F-15.pdf" "Mozilla/5.0 (Windows NT 10.0; Win64; x64) AppleWebKit/537.36 (KHTML, like Gecko) Chrome/52.0.2743.116 Safari/537.36 Edge/15.15063"
::ffff:74.178.185.223 - - [30/Jun/2017:18:16:21 +0000] "GET /shares/GroupServices/en/Staff%20Assignment%20April%202017%20-%20F-15.pdf HTTP/1.1" 206 16384 "http://transient.aa.org:3000/shares/GroupServices/en/Staff%20Assignment%20April%202017%20-%20F-15.pdf" "Mozilla/5.0 (Windows NT 10.0; Win64; x64) AppleWebKit/537.36 (KHTML, like Gecko) Chrome/52.0.2743.116 Safari/537.36 Edge/15.15063"
::ffff:74.178.185.223 - - [30/Jun/2017:18:16:21 +0000] "GET /shares/GroupServices/en/Staff%20Assignment%20April%202017%20-%20F-15.pdf HTTP/1.1" 206 4096 "http://transient.aa.org:3000/shares/GroupServices/en/Staff%20Assignment%20April%202017%20-%20F-15.pdf" "Mozilla/5.0 (Windows NT 10.0; Win64; x64) AppleWebKit/537.36 (KHTML, like Gecko) Chrome/52.0.2743.116 Safari/537.36 Edge/15.15063"
::ffff:74.178.185.223 - - [30/Jun/2017:18:16:21 +0000] "GET /shares/GroupServices/en/Staff%20Assignment%20April%202017%20-%20F-15.pdf HTTP/1.1" 206 4096 "http://transient.aa.org:3000/shares/GroupServices/en/Staff%20Assignment%20April%202017%20-%20F-15.pdf" "Mozilla/5.0 (Windows NT 10.0; Win64; x64) AppleWebKit/537.36 (KHTML, like Gecko) Chrome/52.0.2743.116 Safari/537.36 Edge/15.15063"
::ffff:74.178.185.223 - - [30/Jun/2017:18:16:21 +0000] "GET /shares/GroupServices/en/Staff%20Assignment%20April%202017%20-%20F-15.pdf HTTP/1.1" 206 231507 "http://transient.aa.org:3000/shares/GroupServices/en/Staff%20Assignment%20April%202017%20-%20F-15.pdf" "Mozilla/5.0 (Windows NT 10.0; Win64; x64) AppleWebKit/537.36 (KHTML, like Gecko) Chrome/52.0.2743.116 Safari/537.36 Edge/15.15063"
::ffff:74.178.185.223 - - [30/Jun/2017:18:16:21 +0000] "GET /shares/GroupServices/en/Staff%20Assignment%20April%202017%20-%20F-15.pdf HTTP/1.1" 206 6227 "http://transient.aa.org:3000/shares/GroupServices/en/Staff%20Assignment%20April%202017%20-%20F-15.pdf" "Mozilla/5.0 (Windows NT 10.0; Win64; x64) AppleWebKit/537.36 (KHTML, like Gecko) Chrome/52.0.2743.116 Safari/537.36 Edge/15.15063"
::ffff:24.217.125.107 - - [30/Jun/2017:18:16:53 +0000] "GET /shares/GroupServices/en HTTP/1.1" 200 10994 "-" "Mozilla/5.0 (Windows NT 6.1; Win64; x64) AppleWebKit/537.36 (KHTML, like Gecko) Chrome/59.0.3071.115 Safari/537.36"
::ffff:24.217.125.107 - - [30/Jun/2017:18:16:57 +0000] "GET /shares/GroupServices/en/Activity%20Update%20June%202017%20-%20English.pdf HTTP/1.1" 304 - "http://transient.aa.org:3000/shares/GroupServices/en" "Mozilla/5.0 (Windows NT 6.1; Win64; x64) AppleWebKit/537.36 (KHTML, like Gecko) Chrome/59.0.3071.115 Safari/537.36"
::ffff:74.178.185.223 - - [30/Jun/2017:18:17:12 +0000] "GET /shares/GroupServices/en/Online%20Meetings-Online%20Groups%20-%20SM%20F-124.pdf HTTP/1.1" 200 20776 "http://transient.aa.org:3000/shares/GroupServices/en" "Mozilla/5.0 (Windows NT 10.0; Win64; x64) AppleWebKit/537.36 (KHTML, like Gecko) Chrome/52.0.2743.116 Safari/537.36 Edge/15.15063"
::ffff:74.178.185.223 - - [30/Jun/2017:18:17:12 +0000] "GET /shares/GroupServices/en/Online%20Meetings-Online%20Groups%20-%20SM%20F-124.pdf HTTP/1.1" 206 20776 "http://transient.aa.org:3000/shares/GroupServices/en/Online%20Meetings-Online%20Groups%20-%20SM%20F-124.pdf" "Mozilla/5.0 (Windows NT 10.0; Win64; x64) AppleWebKit/537.36 (KHTML, like Gecko) Chrome/52.0.2743.116 Safari/537.36 Edge/15.15063"
::ffff:74.178.185.223 - - [30/Jun/2017:18:17:12 +0000] "GET /shares/GroupServices/en/Online%20Meetings-Online%20Groups%20-%20SM%20F-124.pdf HTTP/1.1" 206 20776 "http://transient.aa.org:3000/shares/GroupServices/en/Online%20Meetings-Online%20Groups%20-%20SM%20F-124.pdf" "Mozilla/5.0 (Windows NT 10.0; Win64; x64) AppleWebKit/537.36 (KHTML, like Gecko) Chrome/52.0.2743.116 Safari/537.36 Edge/15.15063"
::ffff:65.30.45.232 - - [30/Jun/2017:18:17:16 +0000] "GET /shares/GroupServices/en HTTP/1.1" 200 10994 "-" "Mozilla/5.0 (Windows NT 5.1; rv:52.0) Gecko/20100101 Firefox/52.0"
::ffff:172.1.197.3 - - [30/Jun/2017:18:17:26 +0000] "GET /shares/GroupServices/en HTTP/1.1" 200 10994 "-" "Mozilla/5.0 (Windows NT 6.1; Win64; x64) AppleWebKit/537.36 (KHTML, like Gecko) Chrome/59.0.3071.115 Safari/537.36"
::ffff:172.1.197.3 - - [30/Jun/2017:18:17:26 +0000] "GET /favicon.ico HTTP/1.1" 404 150 "http://transient.aa.org:3000/shares/GroupServices/en" "Mozilla/5.0 (Windows NT 6.1; Win64; x64) AppleWebKit/537.36 (KHTML, like Gecko) Chrome/59.0.3071.115 Safari/537.36"
::ffff:65.30.45.232 - - [30/Jun/2017:18:17:27 +0000] "GET /shares/GroupServices/en/Activity%20Update%20June%202017%20-%20English.pdf HTTP/1.1" 200 30569 "http://transient.aa.org:3000/shares/GroupServices/en" "Mozilla/5.0 (Windows NT 5.1; rv:52.0) Gecko/20100101 Firefox/52.0"
::ffff:172.1.197.3 - - [30/Jun/2017:18:17:37 +0000] "GET /shares/GroupServices/en/Activity%20Update%20June%202017%20-%20English.pdf HTTP/1.1" 200 30569 "http://transient.aa.org:3000/shares/GroupServices/en" "Mozilla/5.0 (Windows NT 6.1; Win64; x64) AppleWebKit/537.36 (KHTML, like Gecko) Chrome/59.0.3071.115 Safari/537.36"
::ffff:184.23.26.85 - - [30/Jun/2017:18:17:42 +0000] "GET /shares/GroupServices/en HTTP/1.1" 200 10994 "-" "Mozilla/5.0 (Windows NT 10.0; Win64; x64) AppleWebKit/537.36 (KHTML, like Gecko) Chrome/51.0.2704.79 Safari/537.36 Edge/14.14393"
::ffff:184.23.26.85 - - [30/Jun/2017:18:17:55 +0000] "GET /shares/GroupServices/en/Activity%20Update%20June%202017%20-%20English.pdf HTTP/1.1" 304 - "http://transient.aa.org:3000/shares/GroupServices/en" "Mozilla/5.0 (Windows NT 10.0; Win64; x64) AppleWebKit/537.36 (KHTML, like Gecko) Chrome/51.0.2704.79 Safari/537.36 Edge/14.14393"
::ffff:184.23.26.85 - - [30/Jun/2017:18:17:55 +0000] "GET /shares/GroupServices/en/Activity%20Update%20June%202017%20-%20English.pdf HTTP/1.1" 304 - "http://transient.aa.org:3000/shares/GroupServices/en/Activity%20Update%20June%202017%20-%20English.pdf" "Mozilla/5.0 (Windows NT 10.0; Win64; x64) AppleWebKit/537.36 (KHTML, like Gecko) Chrome/51.0.2704.79 Safari/537.36 Edge/14.14393"
::ffff:74.178.185.223 - - [30/Jun/2017:18:18:54 +0000] "GET /shares/GroupServices/en HTTP/1.1" 200 10994 "-" "Mozilla/5.0 (Windows NT 10.0; Win64; x64) AppleWebKit/537.36 (KHTML, like Gecko) Chrome/52.0.2743.116 Safari/537.36 Edge/15.15063"
::ffff:74.178.185.223 - - [30/Jun/2017:18:18:56 +0000] "GET /shares/GroupServices/en/Activity%20Update%20June%202017%20-%20English.pdf HTTP/1.1" 206 2969 "http://transient.aa.org:3000/shares/GroupServices/en" "Mozilla/5.0 (Windows NT 10.0; Win64; x64) AppleWebKit/537.36 (KHTML, like Gecko) Chrome/52.0.2743.116 Safari/537.36 Edge/15.15063"
::ffff:74.178.185.223 - - [30/Jun/2017:18:18:56 +0000] "GET /shares/GroupServices/en/Activity%20Update%20June%202017%20-%20English.pdf HTTP/1.1" 304 - "http://transient.aa.org:3000/shares/GroupServices/en/Activity%20Update%20June%202017%20-%20English.pdf" "Mozilla/5.0 (Windows NT 10.0; Win64; x64) AppleWebKit/537.36 (KHTML, like Gecko) Chrome/52.0.2743.116 Safari/537.36 Edge/15.15063"
::ffff:74.178.185.223 - - [30/Jun/2017:18:19:14 +0000] "GET /shares/GroupServices HTTP/1.1" 200 8614 "http://transient.aa.org:3000/shares/GroupServices/en" "Mozilla/5.0 (Windows NT 10.0; Win64; x64) AppleWebKit/537.36 (KHTML, like Gecko) Chrome/52.0.2743.116 Safari/537.36 Edge/15.15063"
::ffff:74.178.185.223 - - [30/Jun/2017:18:19:18 +0000] "GET /shares/GroupServices/en HTTP/1.1" 200 10994 "http://transient.aa.org:3000/shares/GroupServices" "Mozilla/5.0 (Windows NT 10.0; Win64; x64) AppleWebKit/537.36 (KHTML, like Gecko) Chrome/52.0.2743.116 Safari/537.36 Edge/15.15063"
::ffff:74.178.185.223 - - [30/Jun/2017:18:19:25 +0000] "GET /shares/GroupServices/en/Telephone%20Meetings%20-%20SM%20F-204.pdf HTTP/1.1" 200 18681 "http://transient.aa.org:3000/shares/GroupServices/en" "Mozilla/5.0 (Windows NT 10.0; Win64; x64) AppleWebKit/537.36 (KHTML, like Gecko) Chrome/52.0.2743.116 Safari/537.36 Edge/15.15063"
::ffff:74.178.185.223 - - [30/Jun/2017:18:19:25 +0000] "GET /shares/GroupServices/en/Telephone%20Meetings%20-%20SM%20F-204.pdf HTTP/1.1" 206 18681 "http://transient.aa.org:3000/shares/GroupServices/en/Telephone%20Meetings%20-%20SM%20F-204.pdf" "Mozilla/5.0 (Windows NT 10.0; Win64; x64) AppleWebKit/537.36 (KHTML, like Gecko) Chrome/52.0.2743.116 Safari/537.36 Edge/15.15063"
::ffff:74.178.185.223 - - [30/Jun/2017:18:19:25 +0000] "GET /shares/GroupServices/en/Telephone%20Meetings%20-%20SM%20F-204.pdf HTTP/1.1" 206 18681 "http://transient.aa.org:3000/shares/GroupServices/en/Telephone%20Meetings%20-%20SM%20F-204.pdf" "Mozilla/5.0 (Windows NT 10.0; Win64; x64) AppleWebKit/537.36 (KHTML, like Gecko) Chrome/52.0.2743.116 Safari/537.36 Edge/15.15063"
::ffff:65.30.45.232 - - [30/Jun/2017:18:20:30 +0000] "GET /shares/GroupServices/en HTTP/1.1" 200 10994 "-" "Mozilla/5.0 (Windows NT 5.1; rv:52.0) Gecko/20100101 Firefox/52.0"
::ffff:65.30.45.232 - - [30/Jun/2017:18:20:35 +0000] "GET /shares/GroupServices/en/Online%20Meetings-Online%20Groups%20-%20SM%20F-124.pdf HTTP/1.1" 200 20776 "http://transient.aa.org:3000/shares/GroupServices/en" "Mozilla/5.0 (Windows NT 5.1; rv:52.0) Gecko/20100101 Firefox/52.0"
::ffff:74.178.185.223 - - [30/Jun/2017:18:20:47 +0000] "GET /shares/GroupServices/en/Online%20Meetings-Online%20Groups%20-%20SM%20F-124.pdf HTTP/1.1" 200 20776 "http://transient.aa.org:3000/shares/GroupServices/en" "Mozilla/5.0 (Windows NT 10.0; Win64; x64) AppleWebKit/537.36 (KHTML, like Gecko) Chrome/52.0.2743.116 Safari/537.36 Edge/15.15063"
::ffff:74.178.185.223 - - [30/Jun/2017:18:20:48 +0000] "GET /shares/GroupServices/en/Online%20Meetings-Online%20Groups%20-%20SM%20F-124.pdf HTTP/1.1" 304 - "http://transient.aa.org:3000/shares/GroupServices/en/Online%20Meetings-Online%20Groups%20-%20SM%20F-124.pdf" "Mozilla/5.0 (Windows NT 10.0; Win64; x64) AppleWebKit/537.36 (KHTML, like Gecko) Chrome/52.0.2743.116 Safari/537.36 Edge/15.15063"
::ffff:74.178.185.223 - - [30/Jun/2017:18:21:05 +0000] "GET /shares/GroupServices/en/2017%20Committee%20Considerations%20(English).pdf HTTP/1.1" 200 46186 "http://transient.aa.org:3000/shares/GroupServices/en" "Mozilla/5.0 (Windows NT 10.0; Win64; x64) AppleWebKit/537.36 (KHTML, like Gecko) Chrome/52.0.2743.116 Safari/537.36 Edge/15.15063"
::ffff:74.178.185.223 - - [30/Jun/2017:18:21:05 +0000] "GET /shares/GroupServices/en/2017%20Committee%20Considerations%20(English).pdf HTTP/1.1" 206 46186 "http://transient.aa.org:3000/shares/GroupServices/en/2017%20Committee%20Considerations%20(English).pdf" "Mozilla/5.0 (Windows NT 10.0; Win64; x64) AppleWebKit/537.36 (KHTML, like Gecko) Chrome/52.0.2743.116 Safari/537.36 Edge/15.15063"
::ffff:74.178.185.223 - - [30/Jun/2017:18:21:05 +0000] "GET /shares/GroupServices/en/2017%20Committee%20Considerations%20(English).pdf HTTP/1.1" 206 46186 "http://transient.aa.org:3000/shares/GroupServices/en/2017%20Committee%20Considerations%20(English).pdf" "Mozilla/5.0 (Windows NT 10.0; Win64; x64) AppleWebKit/537.36 (KHTML, like Gecko) Chrome/52.0.2743.116 Safari/537.36 Edge/15.15063"
::ffff:74.178.185.223 - - [30/Jun/2017:18:21:06 +0000] "GET /shares/GroupServices/en/2017%20Committee%20Considerations%20(English).pdf HTTP/1.1" 206 1130 "http://transient.aa.org:3000/shares/GroupServices/en/2017%20Committee%20Considerations%20(English).pdf" "Mozilla/5.0 (Windows NT 10.0; Win64; x64) AppleWebKit/537.36 (KHTML, like Gecko) Chrome/52.0.2743.116 Safari/537.36 Edge/15.15063"
::ffff:174.255.213.118 - - [30/Jun/2017:18:21:13 +0000] "GET /shares/GroupServices/en HTTP/1.1" 200 10994 "-" "Mozilla/5.0 (Linux; Android 6.0.1; SAMSUNG SM-S320VL Build/MMB29M) AppleWebKit/537.36 (KHTML, like Gecko) SamsungBrowser/5.4 Chrome/51.0.2704.106 Mobile Safari/537.36"
::ffff:174.255.213.118 - - [30/Jun/2017:18:21:13 +0000] "GET /favicon.ico HTTP/1.1" 404 150 "http://transient.aa.org:3000/shares/GroupServices/en" "Mozilla/5.0 (Linux; Android 6.0.1; SAMSUNG SM-S320VL Build/MMB29M) AppleWebKit/537.36 (KHTML, like Gecko) SamsungBrowser/5.4 Chrome/51.0.2704.106 Mobile Safari/537.36"
::ffff:174.255.213.118 - - [30/Jun/2017:18:21:21 +0000] "GET /shares/GroupServices/en/2017%20Advisory%20Actions%20(English).pdf HTTP/1.1" 200 31958 "-" "Dalvik/2.1.0 (Linux; U; Android 6.0.1; SM-S320VL Build/MMB29M)"
::ffff:174.255.213.118 - - [30/Jun/2017:18:21:31 +0000] "GET /shares/GroupServices/en/2017%20Committee%20Considerations%20(English).pdf HTTP/1.1" 200 46186 "-" "Dalvik/2.1.0 (Linux; U; Android 6.0.1; SM-S320VL Build/MMB29M)"
::ffff:174.255.213.118 - - [30/Jun/2017:18:21:36 +0000] "GET /shares/GroupServices/en/Activity%20Update%20June%202017%20-%20English.pdf HTTP/1.1" 200 30569 "-" "Dalvik/2.1.0 (Linux; U; Android 6.0.1; SM-S320VL Build/MMB29M)"
::ffff:172.1.197.3 - - [30/Jun/2017:18:22:04 +0000] "GET /shares/GroupServices/en HTTP/1.1" 200 10994 "-" "Mozilla/5.0 (Windows NT 6.1; Win64; x64) AppleWebKit/537.36 (KHTML, like Gecko) Chrome/59.0.3071.115 Safari/537.36"
::ffff:172.1.197.3 - - [30/Jun/2017:18:22:07 +0000] "GET /shares/GroupServices/en/Activity%20Update%20June%202017%20-%20English.pdf HTTP/1.1" 304 - "http://transient.aa.org:3000/shares/GroupServices/en" "Mozilla/5.0 (Windows NT 6.1; Win64; x64) AppleWebKit/537.36 (KHTML, like Gecko) Chrome/59.0.3071.115 Safari/537.36"
::ffff:69.244.169.22 - - [30/Jun/2017:18:22:42 +0000] "GET /shares/GroupServices/en HTTP/1.1" 200 10994 "-" "Mozilla/5.0 (Windows NT 6.3; WOW64; rv:54.0) Gecko/20100101 Firefox/54.0"
::ffff:69.244.169.22 - - [30/Jun/2017:18:22:42 +0000] "GET /favicon.ico HTTP/1.1" 404 150 "-" "Mozilla/5.0 (Windows NT 6.3; WOW64; rv:54.0) Gecko/20100101 Firefox/54.0"
::ffff:69.244.169.22 - - [30/Jun/2017:18:22:42 +0000] "GET /favicon.ico HTTP/1.1" 404 150 "-" "Mozilla/5.0 (Windows NT 6.3; WOW64; rv:54.0) Gecko/20100101 Firefox/54.0"
::ffff:69.244.169.22 - - [30/Jun/2017:18:22:47 +0000] "GET /shares/GroupServices/en/Activity%20Update%20June%202017%20-%20English.pdf HTTP/1.1" 200 30569 "http://transient.aa.org:3000/shares/GroupServices/en" "Mozilla/5.0 (Windows NT 6.3; WOW64; rv:54.0) Gecko/20100101 Firefox/54.0"
::ffff:73.229.36.213 - - [30/Jun/2017:18:22:51 +0000] "GET /shares/GroupServices/en HTTP/1.1" 200 10994 "-" "Mozilla/5.0 (Windows NT 6.1; WOW64; rv:54.0) Gecko/20100101 Firefox/54.0"
::ffff:73.229.36.213 - - [30/Jun/2017:18:22:51 +0000] "GET /favicon.ico HTTP/1.1" 404 150 "-" "Mozilla/5.0 (Windows NT 6.1; WOW64; rv:54.0) Gecko/20100101 Firefox/54.0"
::ffff:73.229.36.213 - - [30/Jun/2017:18:22:51 +0000] "GET /favicon.ico HTTP/1.1" 404 150 "-" "Mozilla/5.0 (Windows NT 6.1; WOW64; rv:54.0) Gecko/20100101 Firefox/54.0"
::ffff:73.229.36.213 - - [30/Jun/2017:18:23:20 +0000] "GET /shares/GroupServices/en HTTP/1.1" 200 10994 "-" "Mozilla/5.0 (Windows NT 6.1; WOW64; rv:54.0) Gecko/20100101 Firefox/54.0"
::ffff:73.229.36.213 - - [30/Jun/2017:18:23:20 +0000] "GET /favicon.ico HTTP/1.1" 404 150 "-" "Mozilla/5.0 (Windows NT 6.1; WOW64; rv:54.0) Gecko/20100101 Firefox/54.0"
::ffff:73.229.36.213 - - [30/Jun/2017:18:23:20 +0000] "GET /favicon.ico HTTP/1.1" 404 150 "-" "Mozilla/5.0 (Windows NT 6.1; WOW64; rv:54.0) Gecko/20100101 Firefox/54.0"
::ffff:73.229.36.213 - - [30/Jun/2017:18:23:29 +0000] "GET /shares/GroupServices/en/Activity%20Update%20June%202017%20-%20English.pdf HTTP/1.1" 200 30569 "http://transient.aa.org:3000/shares/GroupServices/en" "Mozilla/5.0 (Windows NT 6.1; WOW64; rv:54.0) Gecko/20100101 Firefox/54.0"
::ffff:73.229.36.213 - - [30/Jun/2017:18:23:30 +0000] "GET /shares/GroupServices/en/Activity%20Update%20June%202017%20-%20English.pdf HTTP/1.1" 206 30569 "http://transient.aa.org:3000/shares/GroupServices/en" "Mozilla/5.0 (Windows NT 6.1; WOW64; rv:54.0) Gecko/20100101 Firefox/54.0"
::ffff:98.188.140.28 - - [30/Jun/2017:18:24:51 +0000] "GET /shares/GroupServices/en HTTP/1.1" 200 10994 "-" "Mozilla/5.0 (Windows NT 10.0) AppleWebKit/537.36 (KHTML, like Gecko) Chrome/59.0.3071.115 Safari/537.36"
::ffff:98.188.140.28 - - [30/Jun/2017:18:24:51 +0000] "GET /favicon.ico HTTP/1.1" 404 150 "http://transient.aa.org:3000/shares/GroupServices/en" "Mozilla/5.0 (Windows NT 10.0) AppleWebKit/537.36 (KHTML, like Gecko) Chrome/59.0.3071.115 Safari/537.36"
::ffff:98.188.140.28 - - [30/Jun/2017:18:25:03 +0000] "GET /shares/GroupServices/en/Activity%20Update%20June%202017%20-%20English.pdf HTTP/1.1" 200 30569 "http://transient.aa.org:3000/shares/GroupServices/en" "Mozilla/5.0 (Windows NT 10.0) AppleWebKit/537.36 (KHTML, like Gecko) Chrome/59.0.3071.115 Safari/537.36"
::ffff:72.132.209.232 - - [30/Jun/2017:18:25:19 +0000] "GET /shares/GroupServices/en HTTP/1.1" 200 10994 "-" "Mozilla/5.0 (Windows NT 10.0; Win64; x64) AppleWebKit/537.36 (KHTML, like Gecko) Chrome/51.0.2704.79 Safari/537.36 Edge/14.14393"
::ffff:72.132.209.232 - - [30/Jun/2017:18:25:20 +0000] "GET /favicon.ico HTTP/1.1" 404 150 "-" "Mozilla/5.0 (Windows NT 10.0; Win64; x64) AppleWebKit/537.36 (KHTML, like Gecko) Chrome/51.0.2704.79 Safari/537.36 Edge/14.14393"
::ffff:72.132.209.232 - - [30/Jun/2017:18:25:23 +0000] "GET /shares/GroupServices/en/Activity%20Update%20June%202017%20-%20English.pdf HTTP/1.1" 200 30569 "http://transient.aa.org:3000/shares/GroupServices/en" "Mozilla/5.0 (Windows NT 10.0; Win64; x64) AppleWebKit/537.36 (KHTML, like Gecko) Chrome/51.0.2704.79 Safari/537.36 Edge/14.14393"
::ffff:72.132.209.232 - - [30/Jun/2017:18:25:23 +0000] "GET /favicon.ico HTTP/1.1" 404 150 "-" "Mozilla/5.0 (Windows NT 10.0; Win64; x64) AppleWebKit/537.36 (KHTML, like Gecko) Chrome/51.0.2704.79 Safari/537.36 Edge/14.14393"
::ffff:72.132.209.232 - - [30/Jun/2017:18:25:23 +0000] "GET /shares/GroupServices/en/Activity%20Update%20June%202017%20-%20English.pdf HTTP/1.1" 206 15389 "http://transient.aa.org:3000/shares/GroupServices/en/Activity%20Update%20June%202017%20-%20English.pdf" "Mozilla/5.0 (Windows NT 10.0; Win64; x64) AppleWebKit/537.36 (KHTML, like Gecko) Chrome/51.0.2704.79 Safari/537.36 Edge/14.14393"
::ffff:72.132.209.232 - - [30/Jun/2017:18:25:24 +0000] "GET /shares/GroupServices/en/Activity%20Update%20June%202017%20-%20English.pdf HTTP/1.1" 304 - "http://transient.aa.org:3000/shares/GroupServices/en/Activity%20Update%20June%202017%20-%20English.pdf" "Mozilla/5.0 (Windows NT 10.0; Win64; x64) AppleWebKit/537.36 (KHTML, like Gecko) Chrome/51.0.2704.79 Safari/537.36 Edge/14.14393"
::ffff:47.149.79.71 - - [30/Jun/2017:18:25:26 +0000] "GET /shares/GroupServices/en HTTP/1.1" 200 10994 "-" "Mozilla/5.0 (Linux; Android 5.0; SM-N900V Build/LRX21V) AppleWebKit/537.36 (KHTML, like Gecko) Chrome/59.0.3071.125 Mobile Safari/537.36"
::ffff:47.149.79.71 - - [30/Jun/2017:18:25:27 +0000] "GET /favicon.ico HTTP/1.1" 404 150 "http://transient.aa.org:3000/shares/GroupServices/en" "Mozilla/5.0 (Linux; Android 5.0; SM-N900V Build/LRX21V) AppleWebKit/537.36 (KHTML, like Gecko) Chrome/59.0.3071.125 Mobile Safari/537.36"
::ffff:72.132.209.232 - - [30/Jun/2017:18:25:38 +0000] "GET /shares/GroupServices/en HTTP/1.1" 200 10994 "-" "Mozilla/5.0 (Windows NT 10.0; Win64; x64) AppleWebKit/537.36 (KHTML, like Gecko) Chrome/51.0.2704.79 Safari/537.36 Edge/14.14393"
::ffff:72.132.209.232 - - [30/Jun/2017:18:25:42 +0000] "GET /shares/GroupServices/en/Telephone%20Meetings%20-%20SM%20F-204.pdf HTTP/1.1" 200 18681 "http://transient.aa.org:3000/shares/GroupServices/en" "Mozilla/5.0 (Windows NT 10.0; Win64; x64) AppleWebKit/537.36 (KHTML, like Gecko) Chrome/51.0.2704.79 Safari/537.36 Edge/14.14393"
::ffff:72.132.209.232 - - [30/Jun/2017:18:25:42 +0000] "GET /shares/GroupServices/en/Telephone%20Meetings%20-%20SM%20F-204.pdf HTTP/1.1" 206 3501 "http://transient.aa.org:3000/shares/GroupServices/en/Telephone%20Meetings%20-%20SM%20F-204.pdf" "Mozilla/5.0 (Windows NT 10.0; Win64; x64) AppleWebKit/537.36 (KHTML, like Gecko) Chrome/51.0.2704.79 Safari/537.36 Edge/14.14393"
::ffff:72.132.209.232 - - [30/Jun/2017:18:25:42 +0000] "GET /shares/GroupServices/en/Telephone%20Meetings%20-%20SM%20F-204.pdf HTTP/1.1" 304 - "http://transient.aa.org:3000/shares/GroupServices/en/Telephone%20Meetings%20-%20SM%20F-204.pdf" "Mozilla/5.0 (Windows NT 10.0; Win64; x64) AppleWebKit/537.36 (KHTML, like Gecko) Chrome/51.0.2704.79 Safari/537.36 Edge/14.14393"
::ffff:72.132.209.232 - - [30/Jun/2017:18:25:58 +0000] "GET /shares/GroupServices/en/2017%20Advisory%20Actions%20(English).pdf HTTP/1.1" 200 31958 "http://transient.aa.org:3000/shares/GroupServices/en" "Mozilla/5.0 (Windows NT 10.0; Win64; x64) AppleWebKit/537.36 (KHTML, like Gecko) Chrome/51.0.2704.79 Safari/537.36 Edge/14.14393"
::ffff:72.132.209.232 - - [30/Jun/2017:18:25:58 +0000] "GET /shares/GroupServices/en/2017%20Advisory%20Actions%20(English).pdf HTTP/1.1" 206 23678 "http://transient.aa.org:3000/shares/GroupServices/en/2017%20Advisory%20Actions%20(English).pdf" "Mozilla/5.0 (Windows NT 10.0; Win64; x64) AppleWebKit/537.36 (KHTML, like Gecko) Chrome/51.0.2704.79 Safari/537.36 Edge/14.14393"
::ffff:72.132.209.232 - - [30/Jun/2017:18:25:59 +0000] "GET /shares/GroupServices/en/2017%20Advisory%20Actions%20(English).pdf HTTP/1.1" 200 31958 "http://transient.aa.org:3000/shares/GroupServices/en/2017%20Advisory%20Actions%20(English).pdf" "Mozilla/5.0 (Windows NT 10.0; Win64; x64) AppleWebKit/537.36 (KHTML, like Gecko) Chrome/51.0.2704.79 Safari/537.36 Edge/14.14393"
::ffff:72.132.209.232 - - [30/Jun/2017:18:25:59 +0000] "GET /shares/GroupServices/en/2017%20Advisory%20Actions%20(English).pdf HTTP/1.1" 206 3286 "http://transient.aa.org:3000/shares/GroupServices/en/2017%20Advisory%20Actions%20(English).pdf" "Mozilla/5.0 (Windows NT 10.0; Win64; x64) AppleWebKit/537.36 (KHTML, like Gecko) Chrome/51.0.2704.79 Safari/537.36 Edge/14.14393"
::ffff:172.1.197.3 - - [30/Jun/2017:18:26:01 +0000] "GET /shares/GroupServices/en HTTP/1.1" 200 10994 "-" "Mozilla/5.0 (Windows NT 6.1; Win64; x64) AppleWebKit/537.36 (KHTML, like Gecko) Chrome/59.0.3071.115 Safari/537.36"
::ffff:172.1.197.3 - - [30/Jun/2017:18:26:05 +0000] "GET /shares/GroupServices/en/Activity%20Update%20June%202017%20-%20English.pdf HTTP/1.1" 304 - "http://transient.aa.org:3000/shares/GroupServices/en" "Mozilla/5.0 (Windows NT 6.1; Win64; x64) AppleWebKit/537.36 (KHTML, like Gecko) Chrome/59.0.3071.115 Safari/537.36"
::ffff:72.132.209.232 - - [30/Jun/2017:18:26:06 +0000] "GET /shares/GroupServices/en/Online%20Meetings-Online%20Groups%20-%20SM%20F-124.pdf HTTP/1.1" 200 20776 "http://transient.aa.org:3000/shares/GroupServices/en" "Mozilla/5.0 (Windows NT 10.0; Win64; x64) AppleWebKit/537.36 (KHTML, like Gecko) Chrome/51.0.2704.79 Safari/537.36 Edge/14.14393"
::ffff:72.132.209.232 - - [30/Jun/2017:18:26:06 +0000] "GET /shares/GroupServices/en/Online%20Meetings-Online%20Groups%20-%20SM%20F-124.pdf HTTP/1.1" 206 9780 "http://transient.aa.org:3000/shares/GroupServices/en/Online%20Meetings-Online%20Groups%20-%20SM%20F-124.pdf" "Mozilla/5.0 (Windows NT 10.0; Win64; x64) AppleWebKit/537.36 (KHTML, like Gecko) Chrome/51.0.2704.79 Safari/537.36 Edge/14.14393"
