::ffff:72.132.209.232 - - [30/Jun/2017:18:26:07 +0000] "GET /shares/GroupServices/en/Online%20Meetings-Online%20Groups%20-%20SM%20F-124.pdf HTTP/1.1" 304 - "http://transient.aa.org:3000/shares/GroupServices/en/Online%20Meetings-Online%20Groups%20-%20SM%20F-124.pdf" "Mozilla/5.0 (Windows NT 10.0; Win64; x64) AppleWebKit/537.36 (KHTML, like Gecko) Chrome/51.0.2704.79 Safari/537.36 Edge/14.14393"
::ffff:72.132.209.232 - - [30/Jun/2017:18:26:18 +0000] "GET /shares/GroupServices/en/2017%20Committee%20Considerations%20(English).pdf HTTP/1.1" 200 46186 "http://transient.aa.org:3000/shares/GroupServices/en" "Mozilla/5.0 (Windows NT 10.0; Win64; x64) AppleWebKit/537.36 (KHTML, like Gecko) Chrome/51.0.2704.79 Safari/537.36 Edge/14.14393"
::ffff:72.132.209.232 - - [30/Jun/2017:18:26:19 +0000] "GET /shares/GroupServices/en/2017%20Committee%20Considerations%20(English).pdf HTTP/1.1" 206 31006 "http://transient.aa.org:3000/shares/GroupServices/en/2017%20Committee%20Considerations%20(English).pdf" "Mozilla/5.0 (Windows NT 10.0; Win64; x64) AppleWebKit/537.36 (KHTML, like Gecko) Chrome/51.0.2704.79 Safari/537.36 Edge/14.14393"
::ffff:72.132.209.232 - - [30/Jun/2017:18:26:19 +0000] "GET /shares/GroupServices/en/2017%20Committee%20Considerations%20(English).pdf HTTP/1.1" 206 13418 "http://transient.aa.org:3000/shares/GroupServices/en/2017%20Committee%20Considerations%20(English).pdf" "Mozilla/5.0 (Windows NT 10.0; Win64; x64) AppleWebKit/537.36 (KHTML, like Gecko) Chrome/51.0.2704.79 Safari/537.36 Edge/14.14393"
::ffff:72.132.209.232 - - [30/Jun/2017:18:26:19 +0000] "GET /shares/GroupServices/en/2017%20Committee%20Considerations%20(English).pdf HTTP/1.1" 206 16384 "http://transient.aa.org:3000/shares/GroupServices/en/2017%20Committee%20Considerations%20(English).pdf" "Mozilla/5.0 (Windows NT 10.0; Win64; x64) AppleWebKit/537.36 (KHTML, like Gecko) Chrome/51.0.2704.79 Safari/537.36 Edge/14.14393"
::ffff:72.132.209.232 - - [30/Jun/2017:18:26:19 +0000] "GET /shares/GroupServices/en/2017%20Committee%20Considerations%20(English).pdf HTTP/1.1" 206 26866 "http://transient.aa.org:3000/shares/GroupServices/en/2017%20Committee%20Considerations%20(English).pdf" "Mozilla/5.0 (Windows NT 10.0; Win64; x64) AppleWebKit/537.36 (KHTML, like Gecko) Chrome/51.0.2704.79 Safari/537.36 Edge/14.14393"
::ffff:72.132.209.232 - - [30/Jun/2017:18:26:19 +0000] "GET /shares/GroupServices/en/2017%20Committee%20Considerations%20(English).pdf HTTP/1.1" 206 1130 "http://transient.aa.org:3000/shares/GroupServices/en/2017%20Committee%20Considerations%20(English).pdf" "Mozilla/5.0 (Windows NT 10.0; Win64; x64) AppleWebKit/537.36 (KHTML, like Gecko) Chrome/51.0.2704.79 Safari/537.36 Edge/14.14393"
::ffff:72.132.209.232 - - [30/Jun/2017:18:26:31 +0000] "GET /shares/GroupServices/en/Staff%20Assignment%20April%202017%20-%20F-15.pdf HTTP/1.1" 200 231507 "http://transient.aa.org:3000/shares/GroupServices/en" "Mozilla/5.0 (Windows NT 10.0; Win64; x64) AppleWebKit/537.36 (KHTML, like Gecko) Chrome/51.0.2704.79 Safari/537.36 Edge/14.14393"
::ffff:72.132.209.232 - - [30/Jun/2017:18:26:32 +0000] "GET /shares/GroupServices/en/Staff%20Assignment%20April%202017%20-%20F-15.pdf HTTP/1.1" 206 225987 "http://transient.aa.org:3000/shares/GroupServices/en/Staff%20Assignment%20April%202017%20-%20F-15.pdf" "Mozilla/5.0 (Windows NT 10.0; Win64; x64) AppleWebKit/537.36 (KHTML, like Gecko) Chrome/51.0.2704.79 Safari/537.36 Edge/14.14393"
::ffff:72.132.209.232 - - [30/Jun/2017:18:26:32 +0000] "GET /shares/GroupServices/en/Staff%20Assignment%20April%202017%20-%20F-15.pdf HTTP/1.1" 206 198739 "http://transient.aa.org:3000/shares/GroupServices/en/Staff%20Assignment%20April%202017%20-%20F-15.pdf" "Mozilla/5.0 (Windows NT 10.0; Win64; x64) AppleWebKit/537.36 (KHTML, like Gecko) Chrome/51.0.2704.79 Safari/537.36 Edge/14.14393"
::ffff:72.132.209.232 - - [30/Jun/2017:18:26:32 +0000] "GET /shares/GroupServices/en/Staff%20Assignment%20April%202017%20-%20F-15.pdf HTTP/1.1" 206 16384 "http://transient.aa.org:3000/shares/GroupServices/en/Staff%20Assignment%20April%202017%20-%20F-15.pdf" "Mozilla/5.0 (Windows NT 10.0; Win64; x64) AppleWebKit/537.36 (KHTML, like Gecko) Chrome/51.0.2704.79 Safari/537.36 Edge/14.14393"
::ffff:72.132.209.232 - - [30/Jun/2017:18:26:32 +0000] "GET /shares/GroupServices/en/Staff%20Assignment%20April%202017%20-%20F-15.pdf HTTP/1.1" 206 141395 "http://transient.aa.org:3000/shares/GroupServices/en/Staff%20Assignment%20April%202017%20-%20F-15.pdf" "Mozilla/5.0 (Windows NT 10.0; Win64; x64) AppleWebKit/537.36 (KHTML, like Gecko) Chrome/51.0.2704.79 Safari/537.36 Edge/14.14393"
::ffff:72.132.209.232 - - [30/Jun/2017:18:26:33 +0000] "GET /shares/GroupServices/en/Staff%20Assignment%20April%202017%20-%20F-15.pdf HTTP/1.1" 206 32768 "http://transient.aa.org:3000/shares/GroupServices/en/Staff%20Assignment%20April%202017%20-%20F-15.pdf" "Mozilla/5.0 (Windows NT 10.0; Win64; x64) AppleWebKit/537.36 (KHTML, like Gecko) Chrome/51.0.2704.79 Safari/537.36 Edge/14.14393"
::ffff:72.132.209.232 - - [30/Jun/2017:18:26:33 +0000] "GET /shares/GroupServices/en/Staff%20Assignment%20April%202017%20-%20F-15.pdf HTTP/1.1" 206 104531 "http://transient.aa.org:3000/shares/GroupServices/en/Staff%20Assignment%20April%202017%20-%20F-15.pdf" "Mozilla/5.0 (Windows NT 10.0; Win64; x64) AppleWebKit/537.36 (KHTML, like Gecko) Chrome/51.0.2704.79 Safari/537.36 Edge/14.14393"
::ffff:72.132.209.232 - - [30/Jun/2017:18:26:33 +0000] "GET /shares/GroupServices/en/Staff%20Assignment%20April%202017%20-%20F-15.pdf HTTP/1.1" 206 20480 "http://transient.aa.org:3000/shares/GroupServices/en/Staff%20Assignment%20April%202017%20-%20F-15.pdf" "Mozilla/5.0 (Windows NT 10.0; Win64; x64) AppleWebKit/537.36 (KHTML, like Gecko) Chrome/51.0.2704.79 Safari/537.36 Edge/14.14393"
::ffff:72.132.209.232 - - [30/Jun/2017:18:26:33 +0000] "GET /shares/GroupServices/en/Staff%20Assignment%20April%202017%20-%20F-15.pdf HTTP/1.1" 206 79955 "http://transient.aa.org:3000/shares/GroupServices/en/Staff%20Assignment%20April%202017%20-%20F-15.pdf" "Mozilla/5.0 (Windows NT 10.0; Win64; x64) AppleWebKit/537.36 (KHTML, like Gecko) Chrome/51.0.2704.79 Safari/537.36 Edge/14.14393"
::ffff:72.132.209.232 - - [30/Jun/2017:18:26:34 +0000] "GET /shares/GroupServices/en/Staff%20Assignment%20April%202017%20-%20F-15.pdf HTTP/1.1" 206 16384 "http://transient.aa.org:3000/shares/GroupServices/en/Staff%20Assignment%20April%202017%20-%20F-15.pdf" "Mozilla/5.0 (Windows NT 10.0; Win64; x64) AppleWebKit/537.36 (KHTML, like Gecko) Chrome/51.0.2704.79 Safari/537.36 Edge/14.14393"
::ffff:72.132.209.232 - - [30/Jun/2017:18:26:34 +0000] "GET /shares/GroupServices/en/Staff%20Assignment%20April%202017%20-%20F-15.pdf HTTP/1.1" 206 8192 "http://transient.aa.org:3000/shares/GroupServices/en/Staff%20Assignment%20April%202017%20-%20F-15.pdf" "Mozilla/5.0 (Windows NT 10.0; Win64; x64) AppleWebKit/537.36 (KHTML, like Gecko) Chrome/51.0.2704.79 Safari/537.36 Edge/14.14393"
::ffff:72.132.209.232 - - [30/Jun/2017:18:26:34 +0000] "GET /shares/GroupServices/en/Staff%20Assignment%20April%202017%20-%20F-15.pdf HTTP/1.1" 206 59475 "http://transient.aa.org:3000/shares/GroupServices/en/Staff%20Assignment%20April%202017%20-%20F-15.pdf" "Mozilla/5.0 (Windows NT 10.0; Win64; x64) AppleWebKit/537.36 (KHTML, like Gecko) Chrome/51.0.2704.79 Safari/537.36 Edge/14.14393"
::ffff:72.132.209.232 - - [30/Jun/2017:18:26:34 +0000] "GET /shares/GroupServices/en/Staff%20Assignment%20April%202017%20-%20F-15.pdf HTTP/1.1" 206 4096 "http://transient.aa.org:3000/shares/GroupServices/en/Staff%20Assignment%20April%202017%20-%20F-15.pdf" "Mozilla/5.0 (Windows NT 10.0; Win64; x64) AppleWebKit/537.36 (KHTML, like Gecko) Chrome/51.0.2704.79 Safari/537.36 Edge/14.14393"
::ffff:72.132.209.232 - - [30/Jun/2017:18:26:34 +0000] "GET /shares/GroupServices/en/Staff%20Assignment%20April%202017%20-%20F-15.pdf HTTP/1.1" 206 26707 "http://transient.aa.org:3000/shares/GroupServices/en/Staff%20Assignment%20April%202017%20-%20F-15.pdf" "Mozilla/5.0 (Windows NT 10.0; Win64; x64) AppleWebKit/537.36 (KHTML, like Gecko) Chrome/51.0.2704.79 Safari/537.36 Edge/14.14393"
::ffff:72.132.209.232 - - [30/Jun/2017:18:26:35 +0000] "GET /shares/GroupServices/en/Staff%20Assignment%20April%202017%20-%20F-15.pdf HTTP/1.1" 206 8192 "http://transient.aa.org:3000/shares/GroupServices/en/Staff%20Assignment%20April%202017%20-%20F-15.pdf" "Mozilla/5.0 (Windows NT 10.0; Win64; x64) AppleWebKit/537.36 (KHTML, like Gecko) Chrome/51.0.2704.79 Safari/537.36 Edge/14.14393"
::ffff:72.132.209.232 - - [30/Jun/2017:18:26:35 +0000] "GET /shares/GroupServices/en/Staff%20Assignment%20April%202017%20-%20F-15.pdf HTTP/1.1" 206 211928 "http://transient.aa.org:3000/shares/GroupServices/en/Staff%20Assignment%20April%202017%20-%20F-15.pdf" "Mozilla/5.0 (Windows NT 10.0; Win64; x64) AppleWebKit/537.36 (KHTML, like Gecko) Chrome/51.0.2704.79 Safari/537.36 Edge/14.14393"
::ffff:72.132.209.232 - - [30/Jun/2017:18:26:35 +0000] "GET /shares/GroupServices/en/Staff%20Assignment%20April%202017%20-%20F-15.pdf HTTP/1.1" 206 6227 "http://transient.aa.org:3000/shares/GroupServices/en/Staff%20Assignment%20April%202017%20-%20F-15.pdf" "Mozilla/5.0 (Windows NT 10.0; Win64; x64) AppleWebKit/537.36 (KHTML, like Gecko) Chrome/51.0.2704.79 Safari/537.36 Edge/14.14393"
::ffff:72.132.209.232 - - [30/Jun/2017:18:26:36 +0000] "GET /shares/GroupServices/en/Staff%20Assignment%20April%202017%20-%20F-15.pdf HTTP/1.1" 206 18515 "http://transient.aa.org:3000/shares/GroupServices/en/Staff%20Assignment%20April%202017%20-%20F-15.pdf" "Mozilla/5.0 (Windows NT 10.0; Win64; x64) AppleWebKit/537.36 (KHTML, like Gecko) Chrome/51.0.2704.79 Safari/537.36 Edge/14.14393"
::ffff:73.78.217.248 - - [30/Jun/2017:18:27:32 +0000] "GET /shares/GroupServices/en HTTP/1.1" 200 10994 "-" "Mozilla/5.0 (Windows NT 10.0; WOW64; Trident/7.0; rv:11.0) like Gecko"
::ffff:73.78.217.248 - - [30/Jun/2017:18:27:32 +0000] "GET /favicon.ico HTTP/1.1" 404 150 "-" "Mozilla/5.0 (Windows NT 10.0; Win64; x64; Trident/7.0; rv:11.0) like Gecko"
::ffff:73.78.217.248 - - [30/Jun/2017:18:27:52 +0000] "GET /shares/GroupServices/en/Activity%20Update%20June%202017%20-%20English.pdf HTTP/1.1" 200 30569 "http://transient.aa.org:3000/shares/GroupServices/en" "Mozilla/5.0 (Windows NT 10.0; WOW64; Trident/7.0; rv:11.0) like Gecko"
::ffff:98.188.140.28 - - [30/Jun/2017:18:28:09 +0000] "GET /shares/GroupServices/en HTTP/1.1" 200 10994 "-" "Mozilla/5.0 (Windows NT 10.0) AppleWebKit/537.36 (KHTML, like Gecko) Chrome/59.0.3071.115 Safari/537.36"
::ffff:98.188.140.28 - - [30/Jun/2017:18:28:12 +0000] "GET /shares/GroupServices/en/2017%20Advisory%20Actions%20(English).pdf HTTP/1.1" 200 31958 "http://transient.aa.org:3000/shares/GroupServices/en" "Mozilla/5.0 (Windows NT 10.0) AppleWebKit/537.36 (KHTML, like Gecko) Chrome/59.0.3071.115 Safari/537.36"
::ffff:97.125.149.52 - - [30/Jun/2017:18:29:18 +0000] "GET /shares/GroupServices/en HTTP/1.1" 200 10994 "-" "Mozilla/5.0 (Windows NT 6.1; Win64; x64) AppleWebKit/537.36 (KHTML, like Gecko) Chrome/59.0.3071.115 Safari/537.36"
::ffff:97.125.149.52 - - [30/Jun/2017:18:29:19 +0000] "GET /favicon.ico HTTP/1.1" 404 150 "http://transient.aa.org:3000/shares/GroupServices/en" "Mozilla/5.0 (Windows NT 6.1; Win64; x64) AppleWebKit/537.36 (KHTML, like Gecko) Chrome/59.0.3071.115 Safari/537.36"
::ffff:97.125.149.52 - - [30/Jun/2017:18:29:30 +0000] "GET /shares/GroupServices HTTP/1.1" 200 8614 "http://transient.aa.org:3000/shares/GroupServices/en" "Mozilla/5.0 (Windows NT 6.1; Win64; x64) AppleWebKit/537.36 (KHTML, like Gecko) Chrome/59.0.3071.115 Safari/537.36"
::ffff:97.125.149.52 - - [30/Jun/2017:18:29:31 +0000] "GET /shares HTTP/1.1" 200 8040 "http://transient.aa.org:3000/shares/GroupServices" "Mozilla/5.0 (Windows NT 6.1; Win64; x64) AppleWebKit/537.36 (KHTML, like Gecko) Chrome/59.0.3071.115 Safari/537.36"
::ffff:97.125.149.52 - - [30/Jun/2017:18:29:33 +0000] "GET /shares/GroupServices HTTP/1.1" 200 8614 "http://transient.aa.org:3000/shares" "Mozilla/5.0 (Windows NT 6.1; Win64; x64) AppleWebKit/537.36 (KHTML, like Gecko) Chrome/59.0.3071.115 Safari/537.36"
::ffff:97.125.149.52 - - [30/Jun/2017:18:29:36 +0000] "GET /shares/GroupServices/en HTTP/1.1" 200 10994 "http://transient.aa.org:3000/shares/GroupServices" "Mozilla/5.0 (Windows NT 6.1; Win64; x64) AppleWebKit/537.36 (KHTML, like Gecko) Chrome/59.0.3071.115 Safari/537.36"
::ffff:97.125.149.52 - - [30/Jun/2017:18:29:36 +0000] "GET /shares/GroupServices/en/2017%20Advisory%20Actions%20(English).pdf HTTP/1.1" 200 31958 "http://transient.aa.org:3000/shares/GroupServices/en" "Mozilla/5.0 (Windows NT 6.1; Win64; x64) AppleWebKit/537.36 (KHTML, like Gecko) Chrome/59.0.3071.115 Safari/537.36"
::ffff:108.190.205.130 - - [30/Jun/2017:18:29:57 +0000] "GET /shares/GroupServices/en HTTP/1.1" 200 10994 "http://mail.webfoot.net/Main/frmMessage.aspx?mode=preview&folder=Inbox&messageid=115587&mapped=False&user=centraloffice&fromSearch=False&rowNumber=0" "Mozilla/5.0 (Windows NT 6.2; Win64; x64) AppleWebKit/537.36 (KHTML, like Gecko) Chrome/59.0.3071.115 Safari/537.36"
::ffff:108.190.205.130 - - [30/Jun/2017:18:29:57 +0000] "GET /favicon.ico HTTP/1.1" 404 150 "http://transient.aa.org:3000/shares/GroupServices/en" "Mozilla/5.0 (Windows NT 6.2; Win64; x64) AppleWebKit/537.36 (KHTML, like Gecko) Chrome/59.0.3071.115 Safari/537.36"
::ffff:108.190.205.130 - - [30/Jun/2017:18:30:10 +0000] "GET /shares/GroupServices/en/Activity%20Update%20June%202017%20-%20English.pdf HTTP/1.1" 200 30569 "http://transient.aa.org:3000/shares/GroupServices/en" "Mozilla/5.0 (Windows NT 6.2; Win64; x64) AppleWebKit/537.36 (KHTML, like Gecko) Chrome/59.0.3071.115 Safari/537.36"
::ffff:108.190.205.130 - - [30/Jun/2017:18:32:31 +0000] "GET /shares/GroupServices/en/2017%20Advisory%20Actions%20(English).pdf HTTP/1.1" 200 31958 "http://transient.aa.org:3000/shares/GroupServices/en" "Mozilla/5.0 (Windows NT 6.2; Win64; x64) AppleWebKit/537.36 (KHTML, like Gecko) Chrome/59.0.3071.115 Safari/537.36"
::ffff:73.78.217.248 - - [30/Jun/2017:18:32:39 +0000] "GET /shares/GroupServices/en HTTP/1.1" 200 10994 "-" "Mozilla/5.0 (Windows NT 10.0; WOW64; Trident/7.0; rv:11.0) like Gecko"
::ffff:73.78.217.248 - - [30/Jun/2017:18:32:40 +0000] "GET /favicon.ico HTTP/1.1" 404 150 "-" "Mozilla/5.0 (Windows NT 10.0; Win64; x64; Trident/7.0; rv:11.0) like Gecko"
::ffff:73.78.217.248 - - [30/Jun/2017:18:32:49 +0000] "GET /shares/GroupServices/en/2017%20Advisory%20Actions%20(English).pdf HTTP/1.1" 200 31958 "http://transient.aa.org:3000/shares/GroupServices/en" "Mozilla/5.0 (Windows NT 10.0; WOW64; Trident/7.0; rv:11.0) like Gecko"
::ffff:97.125.149.52 - - [30/Jun/2017:18:35:43 +0000] "GET /shares/GroupServices/en HTTP/1.1" 200 10994 "-" "Mozilla/5.0 (Windows NT 6.1; Win64; x64) AppleWebKit/537.36 (KHTML, like Gecko) Chrome/59.0.3071.115 Safari/537.36"
::ffff:97.125.149.52 - - [30/Jun/2017:18:35:53 +0000] "GET /shares/GroupServices/en/Activity%20Update%20June%202017%20-%20English.pdf HTTP/1.1" 200 30569 "http://transient.aa.org:3000/shares/GroupServices/en" "Mozilla/5.0 (Windows NT 6.1; Win64; x64) AppleWebKit/537.36 (KHTML, like Gecko) Chrome/59.0.3071.115 Safari/537.36"
::ffff:97.125.149.52 - - [30/Jun/2017:18:36:13 +0000] "GET /shares/GroupServices/en HTTP/1.1" 200 10994 "-" "Mozilla/5.0 (Windows NT 6.1; Win64; x64) AppleWebKit/537.36 (KHTML, like Gecko) Chrome/59.0.3071.115 Safari/537.36"
::ffff:97.125.149.52 - - [30/Jun/2017:18:36:26 +0000] "GET /shares/GroupServices/en/Telephone%20Meetings%20-%20SM%20F-204.pdf HTTP/1.1" 200 18681 "http://transient.aa.org:3000/shares/GroupServices/en" "Mozilla/5.0 (Windows NT 6.1; Win64; x64) AppleWebKit/537.36 (KHTML, like Gecko) Chrome/59.0.3071.115 Safari/537.36"
::ffff:97.125.149.52 - - [30/Jun/2017:18:36:42 +0000] "GET /shares/GroupServices/en HTTP/1.1" 200 10994 "-" "Mozilla/5.0 (Windows NT 6.1; Win64; x64) AppleWebKit/537.36 (KHTML, like Gecko) Chrome/59.0.3071.115 Safari/537.36"
::ffff:97.125.149.52 - - [30/Jun/2017:18:36:46 +0000] "GET /shares/GroupServices/en/Online%20Meetings-Online%20Groups%20-%20SM%20F-124.pdf HTTP/1.1" 200 20776 "http://transient.aa.org:3000/shares/GroupServices/en" "Mozilla/5.0 (Windows NT 6.1; Win64; x64) AppleWebKit/537.36 (KHTML, like Gecko) Chrome/59.0.3071.115 Safari/537.36"
::ffff:108.190.205.130 - - [30/Jun/2017:18:36:59 +0000] "GET /shares/GroupServices/en/2017%20Committee%20Considerations%20(English).pdf HTTP/1.1" 200 46186 "http://transient.aa.org:3000/shares/GroupServices/en" "Mozilla/5.0 (Windows NT 6.2; Win64; x64) AppleWebKit/537.36 (KHTML, like Gecko) Chrome/59.0.3071.115 Safari/537.36"
::ffff:97.125.149.52 - - [30/Jun/2017:18:37:09 +0000] "GET /shares/GroupServices/en HTTP/1.1" 200 10994 "-" "Mozilla/5.0 (Windows NT 6.1; Win64; x64) AppleWebKit/537.36 (KHTML, like Gecko) Chrome/59.0.3071.115 Safari/537.36"
::ffff:97.125.149.52 - - [30/Jun/2017:18:37:14 +0000] "GET /shares/GroupServices/en/2017%20Committee%20Considerations%20(English).pdf HTTP/1.1" 200 46186 "http://transient.aa.org:3000/shares/GroupServices/en" "Mozilla/5.0 (Windows NT 6.1; Win64; x64) AppleWebKit/537.36 (KHTML, like Gecko) Chrome/59.0.3071.115 Safari/537.36"
::ffff:97.125.149.52 - - [30/Jun/2017:18:37:35 +0000] "GET /shares/GroupServices/en HTTP/1.1" 200 10994 "-" "Mozilla/5.0 (Windows NT 6.1; Win64; x64) AppleWebKit/537.36 (KHTML, like Gecko) Chrome/59.0.3071.115 Safari/537.36"
::ffff:97.125.149.52 - - [30/Jun/2017:18:37:49 +0000] "GET /shares/GroupServices/en/Staff%20Assignment%20April%202017%20-%20F-15.pdf HTTP/1.1" 200 231507 "http://transient.aa.org:3000/shares/GroupServices/en" "Mozilla/5.0 (Windows NT 6.1; Win64; x64) AppleWebKit/537.36 (KHTML, like Gecko) Chrome/59.0.3071.115 Safari/537.36"
::ffff:73.70.111.167 - - [30/Jun/2017:18:40:13 +0000] "GET /shares/GroupServices/en HTTP/1.1" 200 10994 "-" "Mozilla/5.0 (Windows NT 6.1; Win64; x64) AppleWebKit/537.36 (KHTML, like Gecko) Chrome/59.0.3071.115 Safari/537.36"
::ffff:73.70.111.167 - - [30/Jun/2017:18:40:13 +0000] "GET /favicon.ico HTTP/1.1" 404 150 "http://transient.aa.org:3000/shares/GroupServices/en" "Mozilla/5.0 (Windows NT 6.1; Win64; x64) AppleWebKit/537.36 (KHTML, like Gecko) Chrome/59.0.3071.115 Safari/537.36"
::ffff:73.70.111.167 - - [30/Jun/2017:18:40:27 +0000] "GET /shares/GroupServices/en/Activity%20Update%20June%202017%20-%20English.pdf HTTP/1.1" 200 30569 "http://transient.aa.org:3000/shares/GroupServices/en" "Mozilla/5.0 (Windows NT 6.1; Win64; x64) AppleWebKit/537.36 (KHTML, like Gecko) Chrome/59.0.3071.115 Safari/537.36"
::ffff:66.183.33.77 - - [30/Jun/2017:18:41:03 +0000] "GET /shares/GroupServices/en HTTP/1.1" 200 10994 "-" "Mozilla/5.0 (Windows NT 10.0; Win64; x64) AppleWebKit/537.36 (KHTML, like Gecko) Chrome/59.0.3071.115 Safari/537.36"
::ffff:66.183.33.77 - - [30/Jun/2017:18:41:03 +0000] "GET /favicon.ico HTTP/1.1" 404 150 "http://transient.aa.org:3000/shares/GroupServices/en" "Mozilla/5.0 (Windows NT 10.0; Win64; x64) AppleWebKit/537.36 (KHTML, like Gecko) Chrome/59.0.3071.115 Safari/537.36"
::ffff:66.183.33.77 - - [30/Jun/2017:18:41:06 +0000] "GET /shares/GroupServices/en/Activity%20Update%20June%202017%20-%20English.pdf HTTP/1.1" 200 30569 "http://transient.aa.org:3000/shares/GroupServices/en" "Mozilla/5.0 (Windows NT 10.0; Win64; x64) AppleWebKit/537.36 (KHTML, like Gecko) Chrome/59.0.3071.115 Safari/537.36"
::ffff:108.190.205.130 - - [30/Jun/2017:18:41:08 +0000] "GET /shares/GroupServices/en/Staff%20Assignment%20April%202017%20-%20F-15.pdf HTTP/1.1" 200 231507 "http://transient.aa.org:3000/shares/GroupServices/en" "Mozilla/5.0 (Windows NT 6.2; Win64; x64) AppleWebKit/537.36 (KHTML, like Gecko) Chrome/59.0.3071.115 Safari/537.36"
::ffff:73.70.111.167 - - [30/Jun/2017:18:41:10 +0000] "GET /shares/GroupServices/en HTTP/1.1" 200 10994 "-" "Mozilla/5.0 (Windows NT 6.1; Win64; x64) AppleWebKit/537.36 (KHTML, like Gecko) Chrome/59.0.3071.115 Safari/537.36"
::ffff:73.70.111.167 - - [30/Jun/2017:18:41:10 +0000] "GET /favicon.ico HTTP/1.1" 404 150 "http://transient.aa.org:3000/shares/GroupServices/en" "Mozilla/5.0 (Windows NT 6.1; Win64; x64) AppleWebKit/537.36 (KHTML, like Gecko) Chrome/59.0.3071.115 Safari/537.36"
::ffff:73.70.111.167 - - [30/Jun/2017:18:41:13 +0000] "GET /shares/GroupServices/en/Telephone%20Meetings%20-%20SM%20F-204.pdf HTTP/1.1" 200 18681 "http://transient.aa.org:3000/shares/GroupServices/en" "Mozilla/5.0 (Windows NT 6.1; Win64; x64) AppleWebKit/537.36 (KHTML, like Gecko) Chrome/59.0.3071.115 Safari/537.36"
::ffff:73.70.111.167 - - [30/Jun/2017:18:41:29 +0000] "GET /shares/GroupServices/en/Activity%20Update%20June%202017%20-%20English.pdf HTTP/1.1" 304 - "http://transient.aa.org:3000/shares/GroupServices/en" "Mozilla/5.0 (Windows NT 6.1; Win64; x64) AppleWebKit/537.36 (KHTML, like Gecko) Chrome/59.0.3071.115 Safari/537.36"
::ffff:73.70.111.167 - - [30/Jun/2017:18:41:58 +0000] "GET /shares/GroupServices/en/2017%20Advisory%20Actions%20(English).pdf HTTP/1.1" 200 31958 "http://transient.aa.org:3000/shares/GroupServices/en" "Mozilla/5.0 (Windows NT 6.1; Win64; x64) AppleWebKit/537.36 (KHTML, like Gecko) Chrome/59.0.3071.115 Safari/537.36"
::ffff:73.78.217.248 - - [30/Jun/2017:18:42:01 +0000] "GET /shares/GroupServices/en HTTP/1.1" 200 10994 "-" "Mozilla/5.0 (Windows NT 10.0; WOW64; Trident/7.0; rv:11.0) like Gecko"
::ffff:73.70.111.167 - - [30/Jun/2017:18:42:12 +0000] "GET /shares/GroupServices/en/2017%20Committee%20Considerations%20(English).pdf HTTP/1.1" 200 46186 "http://transient.aa.org:3000/shares/GroupServices/en" "Mozilla/5.0 (Windows NT 6.1; Win64; x64) AppleWebKit/537.36 (KHTML, like Gecko) Chrome/59.0.3071.115 Safari/537.36"
::ffff:73.78.217.248 - - [30/Jun/2017:18:42:13 +0000] "GET /shares/GroupServices/en/Staff%20Assignment%20April%202017%20-%20F-15.pdf HTTP/1.1" 200 231507 "http://transient.aa.org:3000/shares/GroupServices/en" "Mozilla/5.0 (Windows NT 10.0; WOW64; Trident/7.0; rv:11.0) like Gecko"
::ffff:73.70.111.167 - - [30/Jun/2017:18:42:17 +0000] "GET /shares/GroupServices/en/Staff%20Assignment%20April%202017%20-%20F-15.pdf HTTP/1.1" 200 231507 "http://transient.aa.org:3000/shares/GroupServices/en" "Mozilla/5.0 (Windows NT 6.1; Win64; x64) AppleWebKit/537.36 (KHTML, like Gecko) Chrome/59.0.3071.115 Safari/537.36"
::ffff:73.70.111.167 - - [30/Jun/2017:18:42:18 +0000] "GET /shares/GroupServices/en/Staff%20Assignment%20April%202017%20-%20F-15.pdf HTTP/1.1" 206 52107 "http://transient.aa.org:3000/shares/GroupServices/en/Staff%20Assignment%20April%202017%20-%20F-15.pdf" "Mozilla/5.0 (Windows NT 6.1; Win64; x64) AppleWebKit/537.36 (KHTML, like Gecko) Chrome/59.0.3071.115 Safari/537.36"
::ffff:108.190.205.130 - - [30/Jun/2017:18:42:31 +0000] "GET /shares/GroupServices/en/Telephone%20Meetings%20-%20SM%20F-204.pdf HTTP/1.1" 200 18681 "http://transient.aa.org:3000/shares/GroupServices/en" "Mozilla/5.0 (Windows NT 6.2; Win64; x64) AppleWebKit/537.36 (KHTML, like Gecko) Chrome/59.0.3071.115 Safari/537.36"
::ffff:173.79.167.231 - - [30/Jun/2017:18:42:34 +0000] "GET /shares/GroupServices/en HTTP/1.1" 200 10994 "-" "Mozilla/5.0 (Windows NT 6.1; WOW64; Trident/7.0; rv:11.0) like Gecko"
::ffff:66.183.33.77 - - [30/Jun/2017:18:42:38 +0000] "GET /shares/GroupServices/en HTTP/1.1" 200 10994 "-" "Mozilla/5.0 (Windows NT 10.0; Win64; x64) AppleWebKit/537.36 (KHTML, like Gecko) Chrome/59.0.3071.115 Safari/537.36"
::ffff:173.79.167.231 - - [30/Jun/2017:18:42:43 +0000] "GET /favicon.ico HTTP/1.1" 404 150 "-" "Mozilla/5.0 (Windows NT 6.1; Win64; x64; Trident/7.0; rv:11.0) like Gecko"
::ffff:66.183.33.77 - - [30/Jun/2017:18:42:47 +0000] "GET /shares/GroupServices HTTP/1.1" 200 8614 "http://transient.aa.org:3000/shares/GroupServices/en" "Mozilla/5.0 (Windows NT 10.0; Win64; x64) AppleWebKit/537.36 (KHTML, like Gecko) Chrome/59.0.3071.115 Safari/537.36"
::ffff:66.183.33.77 - - [30/Jun/2017:18:42:50 +0000] "GET /shares/GroupServices/en HTTP/1.1" 200 10994 "http://transient.aa.org:3000/shares/GroupServices" "Mozilla/5.0 (Windows NT 10.0; Win64; x64) AppleWebKit/537.36 (KHTML, like Gecko) Chrome/59.0.3071.115 Safari/537.36"
::ffff:66.183.33.77 - - [30/Jun/2017:18:42:52 +0000] "GET /shares/GroupServices/en/Telephone%20Meetings%20-%20SM%20F-204.pdf HTTP/1.1" 200 18681 "http://transient.aa.org:3000/shares/GroupServices/en" "Mozilla/5.0 (Windows NT 10.0; Win64; x64) AppleWebKit/537.36 (KHTML, like Gecko) Chrome/59.0.3071.115 Safari/537.36"
::ffff:173.79.167.231 - - [30/Jun/2017:18:42:59 +0000] "GET /shares/GroupServices/en/Activity%20Update%20June%202017%20-%20English.pdf HTTP/1.1" 200 30569 "http://transient.aa.org:3000/shares/GroupServices/en" "Mozilla/5.0 (Windows NT 6.1; WOW64; Trident/7.0; rv:11.0) like Gecko"
::ffff:173.79.167.231 - - [30/Jun/2017:18:43:03 +0000] "GET /shares/GroupServices/en/Activity%20Update%20June%202017%20-%20English.pdf HTTP/1.1" 200 30569 "http://transient.aa.org:3000/shares/GroupServices/en" "Mozilla/5.0 (Windows NT 6.1; WOW64; Trident/7.0; rv:11.0) like Gecko"
::ffff:108.190.205.130 - - [30/Jun/2017:18:43:11 +0000] "GET /shares/GroupServices/en/Online%20Meetings-Online%20Groups%20-%20SM%20F-124.pdf HTTP/1.1" 200 20776 "http://transient.aa.org:3000/shares/GroupServices/en" "Mozilla/5.0 (Windows NT 6.2; Win64; x64) AppleWebKit/537.36 (KHTML, like Gecko) Chrome/59.0.3071.115 Safari/537.36"
::ffff:66.183.33.77 - - [30/Jun/2017:18:43:13 +0000] "GET /shares/GroupServices/en/2017%20Advisory%20Actions%20(English).pdf HTTP/1.1" 200 31958 "http://transient.aa.org:3000/shares/GroupServices/en" "Mozilla/5.0 (Windows NT 10.0; Win64; x64) AppleWebKit/537.36 (KHTML, like Gecko) Chrome/59.0.3071.115 Safari/537.36"
::ffff:73.78.217.248 - - [30/Jun/2017:18:43:37 +0000] "GET /shares/GroupServices/en HTTP/1.1" 200 10994 "-" "Mozilla/5.0 (Windows NT 10.0; WOW64; Trident/7.0; rv:11.0) like Gecko"
::ffff:73.78.217.248 - - [30/Jun/2017:18:43:40 +0000] "GET /shares/GroupServices/en/2017%20Committee%20Considerations%20(English).pdf HTTP/1.1" 200 46186 "http://transient.aa.org:3000/shares/GroupServices/en" "Mozilla/5.0 (Windows NT 10.0; WOW64; Trident/7.0; rv:11.0) like Gecko"
::ffff:71.51.75.63 - - [30/Jun/2017:18:43:52 +0000] "GET /shares/GroupServices/en HTTP/1.1" 200 10994 "http://mail.centurylink.net/zimbra/mail" "Mozilla/5.0 (Windows NT 6.1) AppleWebKit/537.36 (KHTML, like Gecko) Chrome/58.0.3029.110 Safari/537.36"
::ffff:71.51.75.63 - - [30/Jun/2017:18:43:53 +0000] "GET /favicon.ico HTTP/1.1" 404 150 "http://transient.aa.org:3000/shares/GroupServices/en" "Mozilla/5.0 (Windows NT 6.1) AppleWebKit/537.36 (KHTML, like Gecko) Chrome/58.0.3029.110 Safari/537.36"
::ffff:23.118.109.21 - - [30/Jun/2017:18:43:53 +0000] "GET /shares/GroupServices/en HTTP/1.1" 200 10994 "-" "Mozilla/5.0 (Windows NT 6.1; WOW64; rv:54.0) Gecko/20100101 Firefox/54.0"
::ffff:23.118.109.21 - - [30/Jun/2017:18:43:55 +0000] "GET /favicon.ico HTTP/1.1" 404 150 "-" "Mozilla/5.0 (Windows NT 6.1; WOW64; rv:54.0) Gecko/20100101 Firefox/54.0"
::ffff:23.118.109.21 - - [30/Jun/2017:18:44:01 +0000] "GET /shares/GroupServices/en/Activity%20Update%20June%202017%20-%20English.pdf HTTP/1.1" 200 30569 "http://transient.aa.org:3000/shares/GroupServices/en" "Mozilla/5.0 (Windows NT 6.1; WOW64; rv:54.0) Gecko/20100101 Firefox/54.0"
::ffff:66.183.33.77 - - [30/Jun/2017:18:44:19 +0000] "GET /shares/GroupServices/en/2017%20Committee%20Considerations%20(English).pdf HTTP/1.1" 200 46186 "http://transient.aa.org:3000/shares/GroupServices/en" "Mozilla/5.0 (Windows NT 10.0; Win64; x64) AppleWebKit/537.36 (KHTML, like Gecko) Chrome/59.0.3071.115 Safari/537.36"
::ffff:66.183.33.77 - - [30/Jun/2017:18:44:30 +0000] "GET /shares/GroupServices/en/Staff%20Assignment%20April%202017%20-%20F-15.pdf HTTP/1.1" 200 231507 "http://transient.aa.org:3000/shares/GroupServices/en" "Mozilla/5.0 (Windows NT 10.0; Win64; x64) AppleWebKit/537.36 (KHTML, like Gecko) Chrome/59.0.3071.115 Safari/537.36"
::ffff:66.183.33.77 - - [30/Jun/2017:18:44:44 +0000] "GET /shares/GroupServices/en/Online%20Meetings-Online%20Groups%20-%20SM%20F-124.pdf HTTP/1.1" 200 20776 "http://transient.aa.org:3000/shares/GroupServices/en" "Mozilla/5.0 (Windows NT 10.0; Win64; x64) AppleWebKit/537.36 (KHTML, like Gecko) Chrome/59.0.3071.115 Safari/537.36"
::ffff:23.118.109.21 - - [30/Jun/2017:18:46:03 +0000] "GET /shares/GroupServices/en/Telephone%20Meetings%20-%20SM%20F-204.pdf HTTP/1.1" 200 18681 "http://transient.aa.org:3000/shares/GroupServices/en" "Mozilla/5.0 (Windows NT 6.1; WOW64; rv:54.0) Gecko/20100101 Firefox/54.0"
::ffff:23.118.109.21 - - [30/Jun/2017:18:46:39 +0000] "GET /shares/GroupServices/en/Online%20Meetings-Online%20Groups%20-%20SM%20F-124.pdf HTTP/1.1" 200 20776 "http://transient.aa.org:3000/shares/GroupServices/en" "Mozilla/5.0 (Windows NT 6.1; WOW64; rv:54.0) Gecko/20100101 Firefox/54.0"
::ffff:23.118.109.21 - - [30/Jun/2017:18:47:33 +0000] "GET /shares/GroupServices/en/Staff%20Assignment%20April%202017%20-%20F-15.pdf HTTP/1.1" 200 231507 "http://transient.aa.org:3000/shares/GroupServices/en" "Mozilla/5.0 (Windows NT 6.1; WOW64; rv:54.0) Gecko/20100101 Firefox/54.0"
::ffff:104.50.174.58 - - [30/Jun/2017:18:47:39 +0000] "GET /shares/GroupServices/en HTTP/1.1" 200 10994 "-" "Mozilla/5.0 (Windows NT 6.1; WOW64; Trident/7.0; MDDCJS; rv:11.0) like Gecko"
::ffff:104.50.174.58 - - [30/Jun/2017:18:47:39 +0000] "GET /favicon.ico HTTP/1.1" 404 150 "-" "Mozilla/5.0 (Windows NT 6.1; Win64; x64; Trident/7.0; MDDCJS; rv:11.0) like Gecko"
::ffff:104.50.174.58 - - [30/Jun/2017:18:47:45 +0000] "GET /shares/GroupServices/en/Activity%20Update%20June%202017%20-%20English.pdf HTTP/1.1" 200 30569 "http://transient.aa.org:3000/shares/GroupServices/en" "Mozilla/5.0 (Windows NT 6.1; WOW64; Trident/7.0; MDDCJS; rv:11.0) like Gecko"
::ffff:162.206.15.70 - - [30/Jun/2017:18:52:14 +0000] "GET /shares/GroupServices/en HTTP/1.1" 200 10994 "-" "Mozilla/5.0 (Linux; Android 4.4.3; KFTHWI Build/KTU84M) AppleWebKit/537.36 (KHTML, like Gecko) Silk/59.2.2 like Chrome/59.0.3071.92 Safari/537.36"
::ffff:162.206.15.70 - - [30/Jun/2017:18:52:14 +0000] "GET /favicon.ico HTTP/1.1" 404 150 "http://transient.aa.org:3000/shares/GroupServices/en" "Mozilla/5.0 (Linux; Android 4.4.3; KFTHWI Build/KTU84M) AppleWebKit/537.36 (KHTML, like Gecko) Silk/59.2.2 like Chrome/59.0.3071.92 Safari/537.36"
::ffff:162.206.15.70 - - [30/Jun/2017:18:52:34 +0000] "GET /shares/GroupServices/en/Activity%20Update%20June%202017%20-%20English.pdf HTTP/1.1" 200 30569 "http://transient.aa.org:3000/shares/GroupServices/en" "Mozilla/5.0 (Linux; Android 4.4.3; KFTHWI Build/KTU84M) AppleWebKit/537.36 (KHTML, like Gecko) Silk/59.2.2 like Chrome/59.0.3071.92 Safari/537.36"
::ffff:162.206.15.70 - - [30/Jun/2017:18:54:04 +0000] "GET /shares/GroupServices/en/2017%20Advisory%20Actions%20(English).pdf HTTP/1.1" 200 31958 "http://transient.aa.org:3000/shares/GroupServices/en" "Mozilla/5.0 (Linux; Android 4.4.3; KFTHWI Build/KTU84M) AppleWebKit/537.36 (KHTML, like Gecko) Silk/59.2.2 like Chrome/59.0.3071.92 Safari/537.36"
::ffff:172.248.232.191 - - [30/Jun/2017:18:54:26 +0000] "GET /shares/GroupServices/en HTTP/1.1" 200 10994 "-" "Mozilla/5.0 (Windows NT 10.0; Win64; x64) AppleWebKit/537.36 (KHTML, like Gecko) Chrome/59.0.3071.115 Safari/537.36"
::ffff:172.248.232.191 - - [30/Jun/2017:18:54:27 +0000] "GET /favicon.ico HTTP/1.1" 404 150 "http://transient.aa.org:3000/shares/GroupServices/en" "Mozilla/5.0 (Windows NT 10.0; Win64; x64) AppleWebKit/537.36 (KHTML, like Gecko) Chrome/59.0.3071.115 Safari/537.36"
::ffff:172.248.232.191 - - [30/Jun/2017:18:54:35 +0000] "GET /shares/GroupServices/en/Activity%20Update%20June%202017%20-%20English.pdf HTTP/1.1" 200 30569 "http://transient.aa.org:3000/shares/GroupServices/en" "Mozilla/5.0 (Windows NT 10.0; Win64; x64) AppleWebKit/537.36 (KHTML, like Gecko) Chrome/59.0.3071.115 Safari/537.36"
::ffff:172.248.232.191 - - [30/Jun/2017:18:54:51 +0000] "GET /shares/GroupServices/en HTTP/1.1" 200 10994 "-" "Mozilla/5.0 (Windows NT 10.0; Win64; x64) AppleWebKit/537.36 (KHTML, like Gecko) Chrome/59.0.3071.115 Safari/537.36"
::ffff:172.248.232.191 - - [30/Jun/2017:18:54:57 +0000] "GET /shares/GroupServices/en/Telephone%20Meetings%20-%20SM%20F-204.pdf HTTP/1.1" 200 18681 "http://transient.aa.org:3000/shares/GroupServices/en" "Mozilla/5.0 (Windows NT 10.0; Win64; x64) AppleWebKit/537.36 (KHTML, like Gecko) Chrome/59.0.3071.115 Safari/537.36"
::ffff:162.206.15.70 - - [30/Jun/2017:18:55:04 +0000] "GET /shares/GroupServices/en/2017%20Committee%20Considerations%20(English).pdf HTTP/1.1" 200 46186 "http://transient.aa.org:3000/shares/GroupServices/en" "Mozilla/5.0 (Linux; Android 4.4.3; KFTHWI Build/KTU84M) AppleWebKit/537.36 (KHTML, like Gecko) Silk/59.2.2 like Chrome/59.0.3071.92 Safari/537.36"
::ffff:172.248.232.191 - - [30/Jun/2017:18:55:04 +0000] "GET /shares/GroupServices/en HTTP/1.1" 200 10994 "-" "Mozilla/5.0 (Windows NT 10.0; Win64; x64) AppleWebKit/537.36 (KHTML, like Gecko) Chrome/59.0.3071.115 Safari/537.36"
::ffff:172.248.232.191 - - [30/Jun/2017:18:55:07 +0000] "GET /shares/GroupServices/en/2017%20Advisory%20Actions%20(English).pdf HTTP/1.1" 200 31958 "http://transient.aa.org:3000/shares/GroupServices/en" "Mozilla/5.0 (Windows NT 10.0; Win64; x64) AppleWebKit/537.36 (KHTML, like Gecko) Chrome/59.0.3071.115 Safari/537.36"
::ffff:172.248.232.191 - - [30/Jun/2017:18:55:11 +0000] "GET /shares/GroupServices/en HTTP/1.1" 200 10994 "-" "Mozilla/5.0 (Windows NT 10.0; Win64; x64) AppleWebKit/537.36 (KHTML, like Gecko) Chrome/59.0.3071.115 Safari/537.36"
::ffff:172.248.232.191 - - [30/Jun/2017:18:55:13 +0000] "GET /shares/GroupServices/en/Online%20Meetings-Online%20Groups%20-%20SM%20F-124.pdf HTTP/1.1" 200 20776 "http://transient.aa.org:3000/shares/GroupServices/en" "Mozilla/5.0 (Windows NT 10.0; Win64; x64) AppleWebKit/537.36 (KHTML, like Gecko) Chrome/59.0.3071.115 Safari/537.36"
::ffff:172.248.232.191 - - [30/Jun/2017:18:55:19 +0000] "GET /shares/GroupServices/en HTTP/1.1" 200 10994 "-" "Mozilla/5.0 (Windows NT 10.0; Win64; x64) AppleWebKit/537.36 (KHTML, like Gecko) Chrome/59.0.3071.115 Safari/537.36"
::ffff:172.248.232.191 - - [30/Jun/2017:18:55:21 +0000] "GET /shares/GroupServices/en/2017%20Committee%20Considerations%20(English).pdf HTTP/1.1" 200 46186 "http://transient.aa.org:3000/shares/GroupServices/en" "Mozilla/5.0 (Windows NT 10.0; Win64; x64) AppleWebKit/537.36 (KHTML, like Gecko) Chrome/59.0.3071.115 Safari/537.36"
::ffff:172.248.232.191 - - [30/Jun/2017:18:55:27 +0000] "GET /shares/GroupServices/en HTTP/1.1" 200 10994 "-" "Mozilla/5.0 (Windows NT 10.0; Win64; x64) AppleWebKit/537.36 (KHTML, like Gecko) Chrome/59.0.3071.115 Safari/537.36"
::ffff:172.248.232.191 - - [30/Jun/2017:18:55:28 +0000] "GET /shares/GroupServices/en/Staff%20Assignment%20April%202017%20-%20F-15.pdf HTTP/1.1" 200 231507 "http://transient.aa.org:3000/shares/GroupServices/en" "Mozilla/5.0 (Windows NT 10.0; Win64; x64) AppleWebKit/537.36 (KHTML, like Gecko) Chrome/59.0.3071.115 Safari/537.36"
::ffff:108.190.205.130 - - [30/Jun/2017:19:16:52 +0000] "GET /shares/GroupServices/en HTTP/1.1" 200 10994 "http://mail.webfoot.net/Main/frmMessage.aspx?mode=preview&folder=Inbox&messageid=115587&mapped=False&user=centraloffice&fromSearch=False&rowNumber=2" "Mozilla/5.0 (Windows NT 6.2; Win64; x64) AppleWebKit/537.36 (KHTML, like Gecko) Chrome/59.0.3071.115 Safari/537.36"
::ffff:50.244.106.34 - - [30/Jun/2017:19:30:21 +0000] "GET /shares/GroupServices/en HTTP/1.1" 200 10994 "-" "Mozilla/5.0 (Windows NT 6.1; Win64; x64) AppleWebKit/537.36 (KHTML, like Gecko) Chrome/59.0.3071.115 Safari/537.36"
::ffff:50.244.106.34 - - [30/Jun/2017:19:30:21 +0000] "GET /favicon.ico HTTP/1.1" 404 150 "http://transient.aa.org:3000/shares/GroupServices/en" "Mozilla/5.0 (Windows NT 6.1; Win64; x64) AppleWebKit/537.36 (KHTML, like Gecko) Chrome/59.0.3071.115 Safari/537.36"
::ffff:50.244.106.34 - - [30/Jun/2017:19:30:25 +0000] "GET /shares/GroupServices/en/Activity%20Update%20June%202017%20-%20English.pdf HTTP/1.1" 200 30569 "http://transient.aa.org:3000/shares/GroupServices/en" "Mozilla/5.0 (Windows NT 6.1; Win64; x64) AppleWebKit/537.36 (KHTML, like Gecko) Chrome/59.0.3071.115 Safari/537.36"
::ffff:50.244.106.34 - - [30/Jun/2017:19:32:10 +0000] "GET /shares/GroupServices/en HTTP/1.1" 200 10994 "-" "Mozilla/5.0 (Windows NT 6.1; Win64; x64) AppleWebKit/537.36 (KHTML, like Gecko) Chrome/59.0.3071.115 Safari/537.36"
::ffff:50.244.106.34 - - [30/Jun/2017:19:32:20 +0000] "GET /shares/GroupServices/en/2017%20Advisory%20Actions%20(English).pdf HTTP/1.1" 200 31958 "http://transient.aa.org:3000/shares/GroupServices/en" "Mozilla/5.0 (Windows NT 6.1; Win64; x64) AppleWebKit/537.36 (KHTML, like Gecko) Chrome/59.0.3071.115 Safari/537.36"
::ffff:73.162.255.70 - - [30/Jun/2017:19:36:48 +0000] "GET /shares/GroupServices/en HTTP/1.1" 200 10994 "-" "Mozilla/5.0 (Windows NT 6.1) AppleWebKit/537.36 (KHTML, like Gecko) Chrome/59.0.3071.115 Safari/537.36"
::ffff:73.162.255.70 - - [30/Jun/2017:19:36:49 +0000] "GET /favicon.ico HTTP/1.1" 404 150 "http://transient.aa.org:3000/shares/GroupServices/en" "Mozilla/5.0 (Windows NT 6.1) AppleWebKit/537.36 (KHTML, like Gecko) Chrome/59.0.3071.115 Safari/537.36"
::ffff:73.162.255.70 - - [30/Jun/2017:19:37:05 +0000] "GET /shares/GroupServices/en/Activity%20Update%20June%202017%20-%20English.pdf HTTP/1.1" 200 30569 "http://transient.aa.org:3000/shares/GroupServices/en" "Mozilla/5.0 (Windows NT 6.1) AppleWebKit/537.36 (KHTML, like Gecko) Chrome/59.0.3071.115 Safari/537.36"
::ffff:50.244.106.34 - - [30/Jun/2017:19:37:57 +0000] "GET /shares/GroupServices/en HTTP/1.1" 200 10994 "-" "Mozilla/5.0 (Windows NT 6.1; Win64; x64) AppleWebKit/537.36 (KHTML, like Gecko) Chrome/59.0.3071.115 Safari/537.36"
::ffff:50.244.106.34 - - [30/Jun/2017:19:38:04 +0000] "GET /shares/GroupServices/en/Staff%20Assignment%20April%202017%20-%20F-15.pdf HTTP/1.1" 200 231507 "http://transient.aa.org:3000/shares/GroupServices/en" "Mozilla/5.0 (Windows NT 6.1; Win64; x64) AppleWebKit/537.36 (KHTML, like Gecko) Chrome/59.0.3071.115 Safari/537.36"
::ffff:73.162.255.70 - - [30/Jun/2017:19:38:12 +0000] "GET /shares/GroupServices/en HTTP/1.1" 200 10994 "-" "Mozilla/5.0 (Windows NT 6.1) AppleWebKit/537.36 (KHTML, like Gecko) Chrome/59.0.3071.115 Safari/537.36"
::ffff:73.162.255.70 - - [30/Jun/2017:19:38:21 +0000] "GET /shares/GroupServices/en/Telephone%20Meetings%20-%20SM%20F-204.pdf HTTP/1.1" 200 18681 "http://transient.aa.org:3000/shares/GroupServices/en" "Mozilla/5.0 (Windows NT 6.1) AppleWebKit/537.36 (KHTML, like Gecko) Chrome/59.0.3071.115 Safari/537.36"
::ffff:50.244.106.34 - - [30/Jun/2017:19:38:44 +0000] "GET /shares/GroupServices/en/2017%20Committee%20Considerations%20(English).pdf HTTP/1.1" 200 46186 "http://transient.aa.org:3000/shares/GroupServices/en" "Mozilla/5.0 (Windows NT 6.1; Win64; x64) AppleWebKit/537.36 (KHTML, like Gecko) Chrome/59.0.3071.115 Safari/537.36"
::ffff:50.244.106.34 - - [30/Jun/2017:19:39:46 +0000] "GET /shares/GroupServices/en/Telephone%20Meetings%20-%20SM%20F-204.pdf HTTP/1.1" 200 18681 "http://transient.aa.org:3000/shares/GroupServices/en" "Mozilla/5.0 (Windows NT 6.1; Win64; x64) AppleWebKit/537.36 (KHTML, like Gecko) Chrome/59.0.3071.115 Safari/537.36"
::ffff:73.162.255.70 - - [30/Jun/2017:19:40:12 +0000] "GET /shares/GroupServices/en HTTP/1.1" 200 10994 "-" "Mozilla/5.0 (Windows NT 6.1) AppleWebKit/537.36 (KHTML, like Gecko) Chrome/59.0.3071.115 Safari/537.36"
::ffff:73.162.255.70 - - [30/Jun/2017:19:40:16 +0000] "GET /shares/GroupServices/en/2017%20Advisory%20Actions%20(English).pdf HTTP/1.1" 200 31958 "http://transient.aa.org:3000/shares/GroupServices/en" "Mozilla/5.0 (Windows NT 6.1) AppleWebKit/537.36 (KHTML, like Gecko) Chrome/59.0.3071.115 Safari/537.36"
::ffff:50.244.106.34 - - [30/Jun/2017:19:40:30 +0000] "GET /shares/GroupServices/en HTTP/1.1" 200 10994 "-" "Mozilla/5.0 (Windows NT 6.1; Win64; x64) AppleWebKit/537.36 (KHTML, like Gecko) Chrome/59.0.3071.115 Safari/537.36"
::ffff:50.244.106.34 - - [30/Jun/2017:19:40:32 +0000] "GET /shares/GroupServices/en/Activity%20Update%20June%202017%20-%20English.pdf HTTP/1.1" 304 - "http://transient.aa.org:3000/shares/GroupServices/en" "Mozilla/5.0 (Windows NT 6.1; Win64; x64) AppleWebKit/537.36 (KHTML, like Gecko) Chrome/59.0.3071.115 Safari/537.36"
::ffff:73.162.255.70 - - [30/Jun/2017:19:41:42 +0000] "GET /shares/GroupServices/en/Online%20Meetings-Online%20Groups%20-%20SM%20F-124.pdf HTTP/1.1" 200 20776 "http://transient.aa.org:3000/shares/GroupServices/en" "Mozilla/5.0 (Windows NT 6.1) AppleWebKit/537.36 (KHTML, like Gecko) Chrome/59.0.3071.115 Safari/537.36"
::ffff:73.162.255.70 - - [30/Jun/2017:19:43:04 +0000] "GET /shares/GroupServices/en/2017%20Committee%20Considerations%20(English).pdf HTTP/1.1" 200 46186 "http://transient.aa.org:3000/shares/GroupServices/en" "Mozilla/5.0 (Windows NT 6.1) AppleWebKit/537.36 (KHTML, like Gecko) Chrome/59.0.3071.115 Safari/537.36"
::ffff:73.162.255.70 - - [30/Jun/2017:19:45:55 +0000] "GET /shares/GroupServices/en/Staff%20Assignment%20April%202017%20-%20F-15.pdf HTTP/1.1" 200 231507 "http://transient.aa.org:3000/shares/GroupServices/en" "Mozilla/5.0 (Windows NT 6.1) AppleWebKit/537.36 (KHTML, like Gecko) Chrome/59.0.3071.115 Safari/537.36"
::ffff:184.18.38.36 - - [30/Jun/2017:19:47:15 +0000] "GET /shares/GroupServices/en HTTP/1.1" 200 10994 "-" "Mozilla/5.0 (Windows NT 6.1; WOW64; Trident/7.0; MAAU; MAAU; rv:11.0) like Gecko"
::ffff:184.18.38.36 - - [30/Jun/2017:19:47:15 +0000] "GET /favicon.ico HTTP/1.1" 404 150 "-" "Mozilla/5.0 (Windows NT 6.1; Win64; x64; Trident/7.0; MAAU; rv:11.0) like Gecko"
::ffff:184.18.38.36 - - [30/Jun/2017:19:47:31 +0000] "GET /shares/GroupServices/en/Activity%20Update%20June%202017%20-%20English.pdf HTTP/1.1" 200 30569 "http://transient.aa.org:3000/shares/GroupServices/en" "Mozilla/5.0 (Windows NT 6.1; WOW64; Trident/7.0; MAAU; MAAU; rv:11.0) like Gecko"
::ffff:50.49.115.171 - - [30/Jun/2017:20:15:14 +0000] "GET /shares/GroupServices/en HTTP/1.1" 200 10994 "-" "Mozilla/5.0 (Windows NT 10.0; Win64; x64) AppleWebKit/537.36 (KHTML, like Gecko) Chrome/59.0.3071.115 Safari/537.36"
::ffff:50.49.115.171 - - [30/Jun/2017:20:15:15 +0000] "GET /favicon.ico HTTP/1.1" 404 150 "http://transient.aa.org:3000/shares/GroupServices/en" "Mozilla/5.0 (Windows NT 10.0; Win64; x64) AppleWebKit/537.36 (KHTML, like Gecko) Chrome/59.0.3071.115 Safari/537.36"
::ffff:50.49.115.171 - - [30/Jun/2017:20:15:24 +0000] "GET /shares/GroupServices/en/Activity%20Update%20June%202017%20-%20English.pdf HTTP/1.1" 200 30569 "http://transient.aa.org:3000/shares/GroupServices/en" "Mozilla/5.0 (Windows NT 10.0; Win64; x64) AppleWebKit/537.36 (KHTML, like Gecko) Chrome/59.0.3071.115 Safari/537.36"
::ffff:50.49.115.171 - - [30/Jun/2017:20:16:47 +0000] "GET /shares/GroupServices/en HTTP/1.1" 200 10994 "-" "Mozilla/5.0 (Windows NT 10.0; Win64; x64) AppleWebKit/537.36 (KHTML, like Gecko) Chrome/59.0.3071.115 Safari/537.36"
::ffff:50.49.115.171 - - [30/Jun/2017:20:16:47 +0000] "GET /favicon.ico HTTP/1.1" 404 150 "http://transient.aa.org:3000/shares/GroupServices/en" "Mozilla/5.0 (Windows NT 10.0; Win64; x64) AppleWebKit/537.36 (KHTML, like Gecko) Chrome/59.0.3071.115 Safari/537.36"
::ffff:50.49.115.171 - - [30/Jun/2017:20:17:12 +0000] "GET /shares/GroupServices/en/2017%20Committee%20Considerations%20(English).pdf HTTP/1.1" 200 46186 "http://transient.aa.org:3000/shares/GroupServices/en" "Mozilla/5.0 (Windows NT 10.0; Win64; x64) AppleWebKit/537.36 (KHTML, like Gecko) Chrome/59.0.3071.115 Safari/537.36"
::ffff:73.229.36.213 - - [30/Jun/2017:20:24:58 +0000] "GET /shares/GroupServices/en HTTP/1.1" 200 10994 "-" "Mozilla/5.0 (Windows NT 6.1; WOW64; rv:54.0) Gecko/20100101 Firefox/54.0"
::ffff:73.229.36.213 - - [30/Jun/2017:20:24:58 +0000] "GET /favicon.ico HTTP/1.1" 404 150 "-" "Mozilla/5.0 (Windows NT 6.1; WOW64; rv:54.0) Gecko/20100101 Firefox/54.0"
::ffff:73.229.36.213 - - [30/Jun/2017:20:24:59 +0000] "GET /favicon.ico HTTP/1.1" 404 150 "-" "Mozilla/5.0 (Windows NT 6.1; WOW64; rv:54.0) Gecko/20100101 Firefox/54.0"
::ffff:73.229.36.213 - - [30/Jun/2017:20:25:12 +0000] "GET /shares/GroupServices/en/Activity%20Update%20June%202017%20-%20English.pdf HTTP/1.1" 304 - "http://transient.aa.org:3000/shares/GroupServices/en" "Mozilla/5.0 (Windows NT 6.1; WOW64; rv:54.0) Gecko/20100101 Firefox/54.0"
::ffff:73.229.36.213 - - [30/Jun/2017:20:28:25 +0000] "GET /shares/GroupServices/en HTTP/1.1" 200 10994 "-" "Mozilla/5.0 (Windows NT 6.1; WOW64; rv:54.0) Gecko/20100101 Firefox/54.0"
::ffff:73.229.36.213 - - [30/Jun/2017:20:28:26 +0000] "GET /favicon.ico HTTP/1.1" 404 150 "-" "Mozilla/5.0 (Windows NT 6.1; WOW64; rv:54.0) Gecko/20100101 Firefox/54.0"
::ffff:73.229.36.213 - - [30/Jun/2017:20:28:26 +0000] "GET /favicon.ico HTTP/1.1" 404 150 "-" "Mozilla/5.0 (Windows NT 6.1; WOW64; rv:54.0) Gecko/20100101 Firefox/54.0"
::ffff:73.229.36.213 - - [30/Jun/2017:20:28:31 +0000] "GET /shares/GroupServices/en/2017%20Advisory%20Actions%20(English).pdf HTTP/1.1" 200 31958 "http://transient.aa.org:3000/shares/GroupServices/en" "Mozilla/5.0 (Windows NT 6.1; WOW64; rv:54.0) Gecko/20100101 Firefox/54.0"
::ffff:73.229.36.213 - - [30/Jun/2017:20:28:32 +0000] "GET /shares/GroupServices/en/2017%20Advisory%20Actions%20(English).pdf HTTP/1.1" 206 31958 "http://transient.aa.org:3000/shares/GroupServices/en" "Mozilla/5.0 (Windows NT 6.1; WOW64; rv:54.0) Gecko/20100101 Firefox/54.0"
::ffff:104.174.88.232 - - [30/Jun/2017:20:30:14 +0000] "GET /shares/GroupServices/en HTTP/1.1" 200 10994 "http://webmail.earthlink.net/wam/msg.jsp?msgid=834&folder=INBOX&isSeen=false&x=8614383" "Mozilla/5.0 (Windows NT 6.1; WOW64; Trident/7.0; rv:11.0) like Gecko"
::ffff:104.174.88.232 - - [30/Jun/2017:20:30:16 +0000] "GET /favicon.ico HTTP/1.1" 404 150 "-" "Mozilla/5.0 (Windows NT 6.1; Win64; x64; Trident/7.0; rv:11.0) like Gecko"
::ffff:104.174.88.232 - - [30/Jun/2017:20:30:25 +0000] "GET /shares/GroupServices/en/Activity%20Update%20June%202017%20-%20English.pdf HTTP/1.1" 200 30569 "http://transient.aa.org:3000/shares/GroupServices/en" "Mozilla/5.0 (Windows NT 6.1; WOW64; Trident/7.0; rv:11.0) like Gecko"
::ffff:104.174.88.232 - - [30/Jun/2017:20:30:33 +0000] "GET /favicon.ico HTTP/1.1" 404 150 "-" "Mozilla/5.0 (Windows NT 6.1; Win64; x64; Trident/7.0; rv:11.0) like Gecko"
::ffff:104.174.88.232 - - [30/Jun/2017:20:30:38 +0000] "GET /shares/GroupServices/en/2017%20Advisory%20Actions%20(English).pdf HTTP/1.1" 200 31958 "http://transient.aa.org:3000/shares/GroupServices/en" "Mozilla/5.0 (Windows NT 6.1; WOW64; Trident/7.0; rv:11.0) like Gecko"
::ffff:104.174.88.232 - - [30/Jun/2017:20:30:38 +0000] "GET /shares/GroupServices/en/2017%20Advisory%20Actions%20(English).pdf HTTP/1.1" 206 18158 "http://transient.aa.org:3000/shares/GroupServices/en" "Mozilla/5.0 (Windows NT 6.1; WOW64; Trident/7.0; rv:11.0) like Gecko"
::ffff:104.174.88.232 - - [30/Jun/2017:20:33:48 +0000] "GET /shares/GroupServices/en/Activity%20Update%20June%202017%20-%20English.pdf HTTP/1.1" 304 - "http://transient.aa.org:3000/shares/GroupServices/en" "Mozilla/5.0 (Windows NT 6.1; WOW64; Trident/7.0; rv:11.0) like Gecko"
::ffff:50.24.107.215 - - [30/Jun/2017:20:33:54 +0000] "GET /shares/GroupServices/en HTTP/1.1" 200 10994 "-" "Mozilla/5.0 (Windows NT 10.0; Win64; x64) AppleWebKit/537.36 (KHTML, like Gecko) Chrome/59.0.3071.115 Safari/537.36"
::ffff:50.24.107.215 - - [30/Jun/2017:20:33:54 +0000] "GET /favicon.ico HTTP/1.1" 404 150 "http://transient.aa.org:3000/shares/GroupServices/en" "Mozilla/5.0 (Windows NT 10.0; Win64; x64) AppleWebKit/537.36 (KHTML, like Gecko) Chrome/59.0.3071.115 Safari/537.36"
::ffff:50.24.107.215 - - [30/Jun/2017:20:34:11 +0000] "GET /shares/GroupServices HTTP/1.1" 200 8614 "http://transient.aa.org:3000/shares/GroupServices/en" "Mozilla/5.0 (Windows NT 10.0; Win64; x64) AppleWebKit/537.36 (KHTML, like Gecko) Chrome/59.0.3071.115 Safari/537.36"
::ffff:50.24.107.215 - - [30/Jun/2017:20:34:13 +0000] "GET /shares HTTP/1.1" 200 8040 "http://transient.aa.org:3000/shares/GroupServices" "Mozilla/5.0 (Windows NT 10.0; Win64; x64) AppleWebKit/537.36 (KHTML, like Gecko) Chrome/59.0.3071.115 Safari/537.36"
::ffff:104.174.88.232 - - [30/Jun/2017:20:34:14 +0000] "GET /shares/GroupServices/en/2017%20Committee%20Considerations%20(English).pdf HTTP/1.1" 200 46186 "http://transient.aa.org:3000/shares/GroupServices/en" "Mozilla/5.0 (Windows NT 6.1; WOW64; Trident/7.0; rv:11.0) like Gecko"
::ffff:50.24.107.215 - - [30/Jun/2017:20:34:14 +0000] "GET /shares/GroupServices HTTP/1.1" 200 8614 "http://transient.aa.org:3000/shares" "Mozilla/5.0 (Windows NT 10.0; Win64; x64) AppleWebKit/537.36 (KHTML, like Gecko) Chrome/59.0.3071.115 Safari/537.36"
::ffff:50.24.107.215 - - [30/Jun/2017:20:34:16 +0000] "GET /shares/GroupServices/en HTTP/1.1" 200 10994 "http://transient.aa.org:3000/shares/GroupServices" "Mozilla/5.0 (Windows NT 10.0; Win64; x64) AppleWebKit/537.36 (KHTML, like Gecko) Chrome/59.0.3071.115 Safari/537.36"
::ffff:50.24.107.215 - - [30/Jun/2017:20:34:20 +0000] "GET /shares/GroupServices/en/Activity%20Update%20June%202017%20-%20English.pdf HTTP/1.1" 200 30569 "http://transient.aa.org:3000/shares/GroupServices/en" "Mozilla/5.0 (Windows NT 10.0; Win64; x64) AppleWebKit/537.36 (KHTML, like Gecko) Chrome/59.0.3071.115 Safari/537.36"
::ffff:73.229.36.213 - - [30/Jun/2017:20:34:53 +0000] "GET /shares/GroupServices/en/Online%20Meetings-Online%20Groups%20-%20SM%20F-124.pdf HTTP/1.1" 200 20776 "http://transient.aa.org:3000/shares/GroupServices/en" "Mozilla/5.0 (Windows NT 6.1; WOW64; rv:54.0) Gecko/20100101 Firefox/54.0"
::ffff:73.229.36.213 - - [30/Jun/2017:20:34:53 +0000] "GET /shares/GroupServices/en/Online%20Meetings-Online%20Groups%20-%20SM%20F-124.pdf HTTP/1.1" 206 20776 "http://transient.aa.org:3000/shares/GroupServices/en" "Mozilla/5.0 (Windows NT 6.1; WOW64; rv:54.0) Gecko/20100101 Firefox/54.0"
::ffff:73.229.36.213 - - [30/Jun/2017:20:35:18 +0000] "GET /shares/GroupServices/en/2017%20Committee%20Considerations%20(English).pdf HTTP/1.1" 200 46186 "http://transient.aa.org:3000/shares/GroupServices/en" "Mozilla/5.0 (Windows NT 6.1; WOW64; rv:54.0) Gecko/20100101 Firefox/54.0"
